# Copyright (c) 2023 Huawei Device Co., Ltd.
# Licensed under the Apache License, Version 2.0 (the "License");
# you may not use this file except in compliance with the License.
# You may obtain a copy of the License at
#
# http://www.apache.org/licenses/LICENSE-2.0
#
# Unless required by applicable law or agreed to in writing, software
# distributed under the License is distributed on an "AS IS" BASIS,
# WITHOUT WARRANTIES OR CONDITIONS OF ANY KIND, either express or implied.
# See the License for the specific language governing permissions and
# limitations under the License.

1.0 {
  global:
    extern "C++" {
        "bool OHOS::AccountSA::AppAccountEventStub::ReadParcelableVector<OHOS::AccountSA::AppAccountInfo>(std::__1::vector<OHOS::AccountSA::AppAccountInfo, std::__1::allocator<OHOS::AccountSA::AppAccountInfo> >&, OHOS::MessageParcel&)";
        "bool OHOS::AccountSA::AppAccountEventStub::ReadParcelableVector<OHOS::AccountSA::AppAccountInfo>(std::__h::vector<OHOS::AccountSA::AppAccountInfo, std::__h::allocator<OHOS::AccountSA::AppAccountInfo> >&, OHOS::MessageParcel&)";
        "non-virtual thunk to OHOS::AccountSA::AppAccountAuthenticatorCallbackStub::~AppAccountAuthenticatorCallbackStub()";
        "non-virtual thunk to OHOS::AccountSA::AppAccountAuthenticatorStub::~AppAccountAuthenticatorStub()";
        "non-virtual thunk to OHOS::AccountSA::AppAccountEventStub::~AppAccountEventStub()";
        "OHOS::AccountSA::AppAccount::AddAccount(std::__1::basic_string<char, std::__1::char_traits<char>, std::__1::allocator<char> > const&, std::__1::basic_string<char, std::__1::char_traits<char>, std::__1::allocator<char> > const&)";
        "OHOS::AccountSA::AppAccount::AddAccount(std::__h::basic_string<char, std::__h::char_traits<char>, std::__h::allocator<char> > const&, std::__h::basic_string<char, std::__h::char_traits<char>, std::__h::allocator<char> > const&)";
        "OHOS::AccountSA::AppAccount::CreateAccount(std::__1::basic_string<char, std::__1::char_traits<char>, std::__1::allocator<char> > const&, OHOS::AccountSA::CreateAccountOptions const&)";
        "OHOS::AccountSA::AppAccount::CreateAccount(std::__h::basic_string<char, std::__h::char_traits<char>, std::__h::allocator<char> > const&, OHOS::AccountSA::CreateAccountOptions const&)";
        "OHOS::AccountSA::AppAccount::CreateAppAccountEventListener(std::__1::shared_ptr<OHOS::AccountSA::AppAccountSubscriber> const&, OHOS::sptr<OHOS::IRemoteObject>&)";
        "OHOS::AccountSA::AppAccount::CreateAppAccountEventListener(std::__h::shared_ptr<OHOS::AccountSA::AppAccountSubscriber> const&, OHOS::sptr<OHOS::IRemoteObject>&)";
        "OHOS::AccountSA::AppAccount::DeleteAccount(std::__1::basic_string<char, std::__1::char_traits<char>, std::__1::allocator<char> > const&)";
        "OHOS::AccountSA::AppAccount::DeleteAccount(std::__h::basic_string<char, std::__h::char_traits<char>, std::__h::allocator<char> > const&)";
        "OHOS::AccountSA::AppAccount::GetAppAccountProxy()";
        "OHOS::AccountSA::AppAccount::ResetAppAccountProxy()";
        "OHOS::AccountSA::AppAccount::SubscribeAppAccount(std::__1::shared_ptr<OHOS::AccountSA::AppAccountSubscriber> const&)";
        "OHOS::AccountSA::AppAccount::SubscribeAppAccount(std::__h::shared_ptr<OHOS::AccountSA::AppAccountSubscriber> const&)";
        "OHOS::AccountSA::AppAccount::UnsubscribeAppAccount(std::__1::shared_ptr<OHOS::AccountSA::AppAccountSubscriber> const&)";
        "OHOS::AccountSA::AppAccount::UnsubscribeAppAccount(std::__h::shared_ptr<OHOS::AccountSA::AppAccountSubscriber> const&)";
        "OHOS::AccountSA::AppAccountAuthenticatorCallbackProxy::AppAccountAuthenticatorCallbackProxy(OHOS::sptr<OHOS::IRemoteObject> const&)";
        "OHOS::AccountSA::AppAccountAuthenticatorCallbackProxy::OnRequestContinued()";
        "OHOS::AccountSA::AppAccountAuthenticatorCallbackProxy::OnRequestRedirected(OHOS::AAFwk::Want&)";
        "OHOS::AccountSA::AppAccountAuthenticatorCallbackProxy::OnResult(int, OHOS::AAFwk::Want const&)";
        "OHOS::AccountSA::AppAccountAuthenticatorCallbackProxy::~AppAccountAuthenticatorCallbackProxy()";
        "OHOS::AccountSA::AppAccountAuthenticatorCallbackStub::AppAccountAuthenticatorCallbackStub()";
        "OHOS::AccountSA::AppAccountAuthenticatorCallbackStub::OnRemoteRequest(unsigned int, OHOS::MessageParcel&, OHOS::MessageParcel&, OHOS::MessageOption&)";
        "OHOS::AccountSA::AppAccountAuthenticatorCallbackStub::~AppAccountAuthenticatorCallbackStub()";
        "OHOS::AccountSA::AppAccountAuthenticatorStub::AppAccountAuthenticatorStub()";
        "OHOS::AccountSA::AppAccountAuthenticatorStub::OnRemoteRequest(unsigned int, OHOS::MessageParcel&, OHOS::MessageParcel&, OHOS::MessageOption&)";
        "OHOS::AccountSA::AppAccountAuthenticatorStub::~AppAccountAuthenticatorStub()";
        "OHOS::AccountSA::AppAccountEventListener::AppAccountEventListener(std::__1::shared_ptr<OHOS::AccountSA::AppAccountSubscriber> const&)";
        "OHOS::AccountSA::AppAccountEventListener::AppAccountEventListener(std::__h::shared_ptr<OHOS::AccountSA::AppAccountSubscriber> const&)";
        "OHOS::AccountSA::AppAccountEventStub::AppAccountEventStub()";
        "OHOS::AccountSA::AppAccountEventStub::OnRemoteRequest(unsigned int, OHOS::MessageParcel&, OHOS::MessageParcel&, OHOS::MessageOption&)";
        "OHOS::AccountSA::AppAccountEventStub::ReadParcelableVector<OHOS::AccountSA::AppAccountInfo>(std::__1::vector<OHOS::AccountSA::AppAccountInfo, std::__1::allocator<OHOS::AccountSA::AppAccountInfo> >&, OHOS::MessageParcel&)";
        "OHOS::AccountSA::AppAccountEventStub::ReadParcelableVector<OHOS::AccountSA::AppAccountInfo>(std::__h::vector<OHOS::AccountSA::AppAccountInfo, std::__h::allocator<OHOS::AccountSA::AppAccountInfo> >&, OHOS::MessageParcel&)";
        "OHOS::AccountSA::AppAccountEventStub::~AppAccountEventStub()";
        "OHOS::AccountSA::AppAccountInfo::AppAccountInfo()";
        "OHOS::AccountSA::AppAccountInfo::AppAccountInfo(std::__1::basic_string<char, std::__1::char_traits<char>, std::__1::allocator<char> > const&, std::__1::basic_string<char, std::__1::char_traits<char>, std::__1::allocator<char> > const&)";
        "OHOS::AccountSA::AppAccountInfo::AppAccountInfo(std::__h::basic_string<char, std::__h::char_traits<char>, std::__h::allocator<char> > const&, std::__h::basic_string<char, std::__h::char_traits<char>, std::__h::allocator<char> > const&)";
        "OHOS::AccountSA::AppAccountInfo::CheckOAuthTokenVisibility(std::__1::basic_string<char, std::__1::char_traits<char>, std::__1::allocator<char> > const&, std::__1::basic_string<char, std::__1::char_traits<char>, std::__1::allocator<char> > const&, bool&, unsigned int) const";
        "OHOS::AccountSA::AppAccountInfo::CheckOAuthTokenVisibility(std::__h::basic_string<char, std::__h::char_traits<char>, std::__h::allocator<char> > const&, std::__h::basic_string<char, std::__h::char_traits<char>, std::__h::allocator<char> > const&, bool&, unsigned int) const";
        "OHOS::AccountSA::AppAccountInfo::DeleteAuthToken(std::__1::basic_string<char, std::__1::char_traits<char>, std::__1::allocator<char> > const&, std::__1::basic_string<char, std::__1::char_traits<char>, std::__1::allocator<char> > const&, bool)";
        "OHOS::AccountSA::AppAccountInfo::DeleteAuthToken(std::__h::basic_string<char, std::__h::char_traits<char>, std::__h::allocator<char> > const&, std::__h::basic_string<char, std::__h::char_traits<char>, std::__h::allocator<char> > const&, bool)";
        "OHOS::AccountSA::AppAccountInfo::DeleteOAuthToken(std::__1::basic_string<char, std::__1::char_traits<char>, std::__1::allocator<char> > const&, std::__1::basic_string<char, std::__1::char_traits<char>, std::__1::allocator<char> > const&)";
        "OHOS::AccountSA::AppAccountInfo::DeleteOAuthToken(std::__h::basic_string<char, std::__h::char_traits<char>, std::__h::allocator<char> > const&, std::__h::basic_string<char, std::__h::char_traits<char>, std::__h::allocator<char> > const&)";
        "OHOS::AccountSA::AppAccountInfo::DisableAppAccess(std::__1::basic_string<char, std::__1::char_traits<char>, std::__1::allocator<char> > const&, unsigned int)";
        "OHOS::AccountSA::AppAccountInfo::DisableAppAccess(std::__h::basic_string<char, std::__h::char_traits<char>, std::__h::allocator<char> > const&, unsigned int)";
        "OHOS::AccountSA::AppAccountInfo::EnableAppAccess(std::__1::basic_string<char, std::__1::char_traits<char>, std::__1::allocator<char> > const&, unsigned int)";
        "OHOS::AccountSA::AppAccountInfo::EnableAppAccess(std::__h::basic_string<char, std::__h::char_traits<char>, std::__h::allocator<char> > const&, unsigned int)";
        "OHOS::AccountSA::AppAccountInfo::GetAccountCredential(std::__1::basic_string<char, std::__1::char_traits<char>, std::__1::allocator<char> > const&, std::__1::basic_string<char, std::__1::char_traits<char>, std::__1::allocator<char> >&) const";
        "OHOS::AccountSA::AppAccountInfo::GetAccountCredential(std::__h::basic_string<char, std::__h::char_traits<char>, std::__h::allocator<char> > const&, std::__h::basic_string<char, std::__h::char_traits<char>, std::__h::allocator<char> >&) const";
        "OHOS::AccountSA::AppAccountInfo::GetAllOAuthTokens(std::__1::vector<OHOS::AccountSA::OAuthTokenInfo, std::__1::allocator<OHOS::AccountSA::OAuthTokenInfo> >&) const";
        "OHOS::AccountSA::AppAccountInfo::GetAllOAuthTokens(std::__h::vector<OHOS::AccountSA::OAuthTokenInfo, std::__h::allocator<OHOS::AccountSA::OAuthTokenInfo> >&) const";
        "OHOS::AccountSA::AppAccountInfo::GetAssociatedData(std::__1::basic_string<char, std::__1::char_traits<char>, std::__1::allocator<char> > const&, std::__1::basic_string<char, std::__1::char_traits<char>, std::__1::allocator<char> >&) const";
        "OHOS::AccountSA::AppAccountInfo::GetAssociatedData(std::__h::basic_string<char, std::__h::char_traits<char>, std::__h::allocator<char> > const&, std::__h::basic_string<char, std::__h::char_traits<char>, std::__h::allocator<char> >&) const";
        "OHOS::AccountSA::AppAccountInfo::GetAuthorizedApps(std::__1::set<std::__1::basic_string<char, std::__1::char_traits<char>, std::__1::allocator<char> >, std::__1::less<std::__1::basic_string<char, std::__1::char_traits<char>, std::__1::allocator<char> > >, std::__1::allocator<std::__1::basic_string<char, std::__1::char_traits<char>, std::__1::allocator<char> > > >&) const";
        "OHOS::AccountSA::AppAccountInfo::GetAuthorizedApps(std::__h::set<std::__h::basic_string<char, std::__h::char_traits<char>, std::__h::allocator<char> >, std::__h::less<std::__h::basic_string<char, std::__h::char_traits<char>, std::__h::allocator<char> > >, std::__h::allocator<std::__h::basic_string<char, std::__h::char_traits<char>, std::__h::allocator<char> > > >&) const";
        "OHOS::AccountSA::AppAccountInfo::GetExtraInfo(std::__1::basic_string<char, std::__1::char_traits<char>, std::__1::allocator<char> >&) const";
        "OHOS::AccountSA::AppAccountInfo::GetExtraInfo(std::__h::basic_string<char, std::__h::char_traits<char>, std::__h::allocator<char> >&) const";
        "OHOS::AccountSA::AppAccountInfo::GetName()";
        "OHOS::AccountSA::AppAccountInfo::GetName(std::__1::basic_string<char, std::__1::char_traits<char>, std::__1::allocator<char> >&) const";
        "OHOS::AccountSA::AppAccountInfo::GetName(std::__h::basic_string<char, std::__h::char_traits<char>, std::__h::allocator<char> >&) const";
        "OHOS::AccountSA::AppAccountInfo::GetOAuthList(std::__1::basic_string<char, std::__1::char_traits<char>, std::__1::allocator<char> > const&, std::__1::set<std::__1::basic_string<char, std::__1::char_traits<char>, std::__1::allocator<char> >, std::__1::less<std::__1::basic_string<char, std::__1::char_traits<char>, std::__1::allocator<char> > >, std::__1::allocator<std::__1::basic_string<char, std::__1::char_traits<char>, std::__1::allocator<char> > > >&, unsigned int) const";
        "OHOS::AccountSA::AppAccountInfo::GetOAuthList(std::__h::basic_string<char, std::__h::char_traits<char>, std::__h::allocator<char> > const&, std::__h::set<std::__h::basic_string<char, std::__h::char_traits<char>, std::__h::allocator<char> >, std::__h::less<std::__h::basic_string<char, std::__h::char_traits<char>, std::__h::allocator<char> > >, std::__h::allocator<std::__h::basic_string<char, std::__h::char_traits<char>, std::__h::allocator<char> > > >&, unsigned int) const";
        "OHOS::AccountSA::AppAccountInfo::GetOAuthToken(std::__1::basic_string<char, std::__1::char_traits<char>, std::__1::allocator<char> > const&, std::__1::basic_string<char, std::__1::char_traits<char>, std::__1::allocator<char> >&, unsigned int) const";
        "OHOS::AccountSA::AppAccountInfo::GetOAuthToken(std::__h::basic_string<char, std::__h::char_traits<char>, std::__h::allocator<char> > const&, std::__h::basic_string<char, std::__h::char_traits<char>, std::__h::allocator<char> >&, unsigned int) const";
        "OHOS::AccountSA::AppAccountInfo::GetOwner()";
        "OHOS::AccountSA::AppAccountInfo::GetOwner(std::__1::basic_string<char, std::__1::char_traits<char>, std::__1::allocator<char> >&)";
        "OHOS::AccountSA::AppAccountInfo::GetOwner(std::__h::basic_string<char, std::__h::char_traits<char>, std::__h::allocator<char> >&)";
        "OHOS::AccountSA::AppAccountInfo::GetPrimeKey() const";
        "OHOS::AccountSA::AppAccountInfo::GetSyncEnable(bool&) const";
        "OHOS::AccountSA::AppAccountInfo::InitCustomData(std::__1::map<std::__1::basic_string<char, std::__1::char_traits<char>, std::__1::allocator<char> >, std::__1::basic_string<char, std::__1::char_traits<char>, std::__1::allocator<char> >, std::__1::less<std::__1::basic_string<char, std::__1::char_traits<char>, std::__1::allocator<char> > >, std::__1::allocator<std::__1::pair<std::__1::basic_string<char, std::__1::char_traits<char>, std::__1::allocator<char> > const, std::__1::basic_string<char, std::__1::char_traits<char>, std::__1::allocator<char> > > > > const&)";
        "OHOS::AccountSA::AppAccountInfo::InitCustomData(std::__h::map<std::__h::basic_string<char, std::__h::char_traits<char>, std::__h::allocator<char> >, std::__h::basic_string<char, std::__h::char_traits<char>, std::__h::allocator<char> >, std::__h::less<std::__h::basic_string<char, std::__h::char_traits<char>, std::__h::allocator<char> > >, std::__h::allocator<std::__h::pair<std::__h::basic_string<char, std::__h::char_traits<char>, std::__h::allocator<char> > const, std::__h::basic_string<char, std::__h::char_traits<char>, std::__h::allocator<char> > > > > const&)";
        "OHOS::AccountSA::AppAccountInfo::Marshalling(OHOS::Parcel&) const";
        "OHOS::AccountSA::AppAccountInfo::ReadStringMap(std::__1::map<std::__1::basic_string<char, std::__1::char_traits<char>, std::__1::allocator<char> >, std::__1::basic_string<char, std::__1::char_traits<char>, std::__1::allocator<char> >, std::__1::less<std::__1::basic_string<char, std::__1::char_traits<char>, std::__1::allocator<char> > >, std::__1::allocator<std::__1::pair<std::__1::basic_string<char, std::__1::char_traits<char>, std::__1::allocator<char> > const, std::__1::basic_string<char, std::__1::char_traits<char>, std::__1::allocator<char> > > > >&, OHOS::Parcel&)";
        "OHOS::AccountSA::AppAccountInfo::ReadStringMap(std::__h::map<std::__h::basic_string<char, std::__h::char_traits<char>, std::__h::allocator<char> >, std::__h::basic_string<char, std::__h::char_traits<char>, std::__h::allocator<char> >, std::__h::less<std::__h::basic_string<char, std::__h::char_traits<char>, std::__h::allocator<char> > >, std::__h::allocator<std::__h::pair<std::__h::basic_string<char, std::__h::char_traits<char>, std::__h::allocator<char> > const, std::__h::basic_string<char, std::__h::char_traits<char>, std::__h::allocator<char> > > > >&, OHOS::Parcel&)";
        "OHOS::AccountSA::AppAccountInfo::ReadTokenInfos(std::__1::map<std::__1::basic_string<char, std::__1::char_traits<char>, std::__1::allocator<char> >, OHOS::AccountSA::OAuthTokenInfo, std::__1::less<std::__1::basic_string<char, std::__1::char_traits<char>, std::__1::allocator<char> > >, std::__1::allocator<std::__1::pair<std::__1::basic_string<char, std::__1::char_traits<char>, std::__1::allocator<char> > const, OHOS::AccountSA::OAuthTokenInfo> > >&, OHOS::Parcel&)";
        "OHOS::AccountSA::AppAccountInfo::ReadTokenInfos(std::__h::map<std::__h::basic_string<char, std::__h::char_traits<char>, std::__h::allocator<char> >, OHOS::AccountSA::OAuthTokenInfo, std::__h::less<std::__h::basic_string<char, std::__h::char_traits<char>, std::__h::allocator<char> > >, std::__h::allocator<std::__h::pair<std::__h::basic_string<char, std::__h::char_traits<char>, std::__h::allocator<char> > const, OHOS::AccountSA::OAuthTokenInfo> > >&, OHOS::Parcel&)";
        "OHOS::AccountSA::AppAccountInfo::SetAccountCredential(std::__1::basic_string<char, std::__1::char_traits<char>, std::__1::allocator<char> > const&, std::__1::basic_string<char, std::__1::char_traits<char>, std::__1::allocator<char> > const&, bool)";
        "OHOS::AccountSA::AppAccountInfo::SetAccountCredential(std::__h::basic_string<char, std::__h::char_traits<char>, std::__h::allocator<char> > const&, std::__h::basic_string<char, std::__h::char_traits<char>, std::__h::allocator<char> > const&, bool)";
        "OHOS::AccountSA::AppAccountInfo::SetAssociatedData(std::__1::basic_string<char, std::__1::char_traits<char>, std::__1::allocator<char> > const&, std::__1::basic_string<char, std::__1::char_traits<char>, std::__1::allocator<char> > const&)";
        "OHOS::AccountSA::AppAccountInfo::SetAssociatedData(std::__h::basic_string<char, std::__h::char_traits<char>, std::__h::allocator<char> > const&, std::__h::basic_string<char, std::__h::char_traits<char>, std::__h::allocator<char> > const&)";
        "OHOS::AccountSA::AppAccountInfo::SetAuthorizedApps(std::__1::set<std::__1::basic_string<char, std::__1::char_traits<char>, std::__1::allocator<char> >, std::__1::less<std::__1::basic_string<char, std::__1::char_traits<char>, std::__1::allocator<char> > >, std::__1::allocator<std::__1::basic_string<char, std::__1::char_traits<char>, std::__1::allocator<char> > > > const&)";
        "OHOS::AccountSA::AppAccountInfo::SetAuthorizedApps(std::__h::set<std::__h::basic_string<char, std::__h::char_traits<char>, std::__h::allocator<char> >, std::__h::less<std::__h::basic_string<char, std::__h::char_traits<char>, std::__h::allocator<char> > >, std::__h::allocator<std::__h::basic_string<char, std::__h::char_traits<char>, std::__h::allocator<char> > > > const&)";
        "OHOS::AccountSA::AppAccountInfo::SetExtraInfo(std::__1::basic_string<char, std::__1::char_traits<char>, std::__1::allocator<char> > const&)";
        "OHOS::AccountSA::AppAccountInfo::SetExtraInfo(std::__h::basic_string<char, std::__h::char_traits<char>, std::__h::allocator<char> > const&)";
        "OHOS::AccountSA::AppAccountInfo::SetName(std::__1::basic_string<char, std::__1::char_traits<char>, std::__1::allocator<char> > const&)";
        "OHOS::AccountSA::AppAccountInfo::SetName(std::__h::basic_string<char, std::__h::char_traits<char>, std::__h::allocator<char> > const&)";
        "OHOS::AccountSA::AppAccountInfo::SetOAuthToken(std::__1::basic_string<char, std::__1::char_traits<char>, std::__1::allocator<char> > const&, std::__1::basic_string<char, std::__1::char_traits<char>, std::__1::allocator<char> > const&)";
        "OHOS::AccountSA::AppAccountInfo::SetOAuthToken(std::__h::basic_string<char, std::__h::char_traits<char>, std::__h::allocator<char> > const&, std::__h::basic_string<char, std::__h::char_traits<char>, std::__h::allocator<char> > const&)";
        "OHOS::AccountSA::AppAccountInfo::SetOAuthTokenVisibility(std::__1::basic_string<char, std::__1::char_traits<char>, std::__1::allocator<char> > const&, std::__1::basic_string<char, std::__1::char_traits<char>, std::__1::allocator<char> > const&, bool, unsigned int)";
        "OHOS::AccountSA::AppAccountInfo::SetOAuthTokenVisibility(std::__h::basic_string<char, std::__h::char_traits<char>, std::__h::allocator<char> > const&, std::__h::basic_string<char, std::__h::char_traits<char>, std::__h::allocator<char> > const&, bool, unsigned int)";
        "OHOS::AccountSA::AppAccountInfo::SetOwner(std::__1::basic_string<char, std::__1::char_traits<char>, std::__1::allocator<char> > const&)";
        "OHOS::AccountSA::AppAccountInfo::SetOwner(std::__h::basic_string<char, std::__h::char_traits<char>, std::__h::allocator<char> > const&)";
        "OHOS::AccountSA::AppAccountInfo::SetSyncEnable(bool const&)";
        "OHOS::AccountSA::AppAccountInfo::Unmarshalling(OHOS::Parcel&)";
        "OHOS::AccountSA::AppAccountInfo::WriteStringMap(std::__1::map<std::__1::basic_string<char, std::__1::char_traits<char>, std::__1::allocator<char> >, std::__1::basic_string<char, std::__1::char_traits<char>, std::__1::allocator<char> >, std::__1::less<std::__1::basic_string<char, std::__1::char_traits<char>, std::__1::allocator<char> > >, std::__1::allocator<std::__1::pair<std::__1::basic_string<char, std::__1::char_traits<char>, std::__1::allocator<char> > const, std::__1::basic_string<char, std::__1::char_traits<char>, std::__1::allocator<char> > > > > const&, OHOS::Parcel&) const";
        "OHOS::AccountSA::AppAccountInfo::WriteStringMap(std::__h::map<std::__h::basic_string<char, std::__h::char_traits<char>, std::__h::allocator<char> >, std::__h::basic_string<char, std::__h::char_traits<char>, std::__h::allocator<char> >, std::__h::less<std::__h::basic_string<char, std::__h::char_traits<char>, std::__h::allocator<char> > >, std::__h::allocator<std::__h::pair<std::__h::basic_string<char, std::__h::char_traits<char>, std::__h::allocator<char> > const, std::__h::basic_string<char, std::__h::char_traits<char>, std::__h::allocator<char> > > > > const&, OHOS::Parcel&) const";
        "OHOS::AccountSA::AppAccountInfo::WriteStringSet(std::__1::set<std::__1::basic_string<char, std::__1::char_traits<char>, std::__1::allocator<char> >, std::__1::less<std::__1::basic_string<char, std::__1::char_traits<char>, std::__1::allocator<char> > >, std::__1::allocator<std::__1::basic_string<char, std::__1::char_traits<char>, std::__1::allocator<char> > > > const&, OHOS::Parcel&) const";
        "OHOS::AccountSA::AppAccountInfo::WriteStringSet(std::__h::set<std::__h::basic_string<char, std::__h::char_traits<char>, std::__h::allocator<char> >, std::__h::less<std::__h::basic_string<char, std::__h::char_traits<char>, std::__h::allocator<char> > >, std::__h::allocator<std::__h::basic_string<char, std::__h::char_traits<char>, std::__h::allocator<char> > > > const&, OHOS::Parcel&) const";
        "OHOS::AccountSA::AppAccountInfo::WriteTokenInfos(std::__1::map<std::__1::basic_string<char, std::__1::char_traits<char>, std::__1::allocator<char> >, OHOS::AccountSA::OAuthTokenInfo, std::__1::less<std::__1::basic_string<char, std::__1::char_traits<char>, std::__1::allocator<char> > >, std::__1::allocator<std::__1::pair<std::__1::basic_string<char, std::__1::char_traits<char>, std::__1::allocator<char> > const, OHOS::AccountSA::OAuthTokenInfo> > > const&, OHOS::Parcel&) const";
        "OHOS::AccountSA::AppAccountInfo::WriteTokenInfos(std::__h::map<std::__h::basic_string<char, std::__h::char_traits<char>, std::__h::allocator<char> >, OHOS::AccountSA::OAuthTokenInfo, std::__h::less<std::__h::basic_string<char, std::__h::char_traits<char>, std::__h::allocator<char> > >, std::__h::allocator<std::__h::pair<std::__h::basic_string<char, std::__h::char_traits<char>, std::__h::allocator<char> > const, OHOS::AccountSA::OAuthTokenInfo> > > const&, OHOS::Parcel&) const";
        "OHOS::AccountSA::AppAccountManager::AddAccount(std::__1::basic_string<char, std::__1::char_traits<char>, std::__1::allocator<char> > const&, std::__1::basic_string<char, std::__1::char_traits<char>, std::__1::allocator<char> > const&)";
        "OHOS::AccountSA::AppAccountManager::AddAccount(std::__h::basic_string<char, std::__h::char_traits<char>, std::__h::allocator<char> > const&, std::__h::basic_string<char, std::__h::char_traits<char>, std::__h::allocator<char> > const&)";
        "OHOS::AccountSA::AppAccountManager::AddAccountImplicitly(std::__1::basic_string<char, std::__1::char_traits<char>, std::__1::allocator<char> > const&, std::__1::basic_string<char, std::__1::char_traits<char>, std::__1::allocator<char> > const&, OHOS::AAFwk::Want const&, OHOS::sptr<OHOS::AccountSA::IAppAccountAuthenticatorCallback> const&)";
        "OHOS::AccountSA::AppAccountManager::AddAccountImplicitly(std::__h::basic_string<char, std::__h::char_traits<char>, std::__h::allocator<char> > const&, std::__h::basic_string<char, std::__h::char_traits<char>, std::__h::allocator<char> > const&, OHOS::AAFwk::Want const&, OHOS::sptr<OHOS::AccountSA::IAppAccountAuthenticatorCallback> const&)";
        "OHOS::AccountSA::AppAccountManager::Authenticate(std::__1::basic_string<char, std::__1::char_traits<char>, std::__1::allocator<char> > const&, std::__1::basic_string<char, std::__1::char_traits<char>, std::__1::allocator<char> > const&, std::__1::basic_string<char, std::__1::char_traits<char>, std::__1::allocator<char> > const&, OHOS::AAFwk::Want const&, OHOS::sptr<OHOS::AccountSA::IAppAccountAuthenticatorCallback> const&)";
        "OHOS::AccountSA::AppAccountManager::Authenticate(std::__h::basic_string<char, std::__h::char_traits<char>, std::__h::allocator<char> > const&, std::__h::basic_string<char, std::__h::char_traits<char>, std::__h::allocator<char> > const&, std::__h::basic_string<char, std::__h::char_traits<char>, std::__h::allocator<char> > const&, OHOS::AAFwk::Want const&, OHOS::sptr<OHOS::AccountSA::IAppAccountAuthenticatorCallback> const&)";
        "OHOS::AccountSA::AppAccountManager::CheckAccountLabels(std::__1::basic_string<char, std::__1::char_traits<char>, std::__1::allocator<char> > const&, std::__1::basic_string<char, std::__1::char_traits<char>, std::__1::allocator<char> > const&, std::__1::vector<std::__1::basic_string<char, std::__1::char_traits<char>, std::__1::allocator<char> >, std::__1::allocator<std::__1::basic_string<char, std::__1::char_traits<char>, std::__1::allocator<char> > > > const&, OHOS::sptr<OHOS::AccountSA::IAppAccountAuthenticatorCallback> const&)";
        "OHOS::AccountSA::AppAccountManager::CheckAccountLabels(std::__h::basic_string<char, std::__h::char_traits<char>, std::__h::allocator<char> > const&, std::__h::basic_string<char, std::__h::char_traits<char>, std::__h::allocator<char> > const&, std::__h::vector<std::__h::basic_string<char, std::__h::char_traits<char>, std::__h::allocator<char> >, std::__h::allocator<std::__h::basic_string<char, std::__h::char_traits<char>, std::__h::allocator<char> > > > const&, OHOS::sptr<OHOS::AccountSA::IAppAccountAuthenticatorCallback> const&)";
        "OHOS::AccountSA::AppAccountManager::CheckAppAccess(std::__1::basic_string<char, std::__1::char_traits<char>, std::__1::allocator<char> > const&, std::__1::basic_string<char, std::__1::char_traits<char>, std::__1::allocator<char> > const&, bool&)";
        "OHOS::AccountSA::AppAccountManager::CheckAppAccess(std::__h::basic_string<char, std::__h::char_traits<char>, std::__h::allocator<char> > const&, std::__h::basic_string<char, std::__h::char_traits<char>, std::__h::allocator<char> > const&, bool&)";
        "OHOS::AccountSA::AppAccountManager::CheckAppAccountSyncEnable(std::__1::basic_string<char, std::__1::char_traits<char>, std::__1::allocator<char> > const&, bool&)";
        "OHOS::AccountSA::AppAccountManager::CheckAppAccountSyncEnable(std::__h::basic_string<char, std::__h::char_traits<char>, std::__h::allocator<char> > const&, bool&)";
        "OHOS::AccountSA::AppAccountManager::CheckAuthTokenVisibility(std::__1::basic_string<char, std::__1::char_traits<char>, std::__1::allocator<char> > const&, std::__1::basic_string<char, std::__1::char_traits<char>, std::__1::allocator<char> > const&, std::__1::basic_string<char, std::__1::char_traits<char>, std::__1::allocator<char> > const&, bool&)";
        "OHOS::AccountSA::AppAccountManager::CheckAuthTokenVisibility(std::__h::basic_string<char, std::__h::char_traits<char>, std::__h::allocator<char> > const&, std::__h::basic_string<char, std::__h::char_traits<char>, std::__h::allocator<char> > const&, std::__h::basic_string<char, std::__h::char_traits<char>, std::__h::allocator<char> > const&, bool&)";
        "OHOS::AccountSA::AppAccountManager::CheckOAuthTokenVisibility(std::__1::basic_string<char, std::__1::char_traits<char>, std::__1::allocator<char> > const&, std::__1::basic_string<char, std::__1::char_traits<char>, std::__1::allocator<char> > const&, std::__1::basic_string<char, std::__1::char_traits<char>, std::__1::allocator<char> > const&, bool&)";
        "OHOS::AccountSA::AppAccountManager::CheckOAuthTokenVisibility(std::__h::basic_string<char, std::__h::char_traits<char>, std::__h::allocator<char> > const&, std::__h::basic_string<char, std::__h::char_traits<char>, std::__h::allocator<char> > const&, std::__h::basic_string<char, std::__h::char_traits<char>, std::__h::allocator<char> > const&, bool&)";
        "OHOS::AccountSA::AppAccountManager::CreateAccount(std::__1::basic_string<char, std::__1::char_traits<char>, std::__1::allocator<char> > const&, OHOS::AccountSA::CreateAccountOptions const&)";
        "OHOS::AccountSA::AppAccountManager::CreateAccount(std::__h::basic_string<char, std::__h::char_traits<char>, std::__h::allocator<char> > const&, OHOS::AccountSA::CreateAccountOptions const&)";
        "OHOS::AccountSA::AppAccountManager::CreateAccountImplicitly(std::__1::basic_string<char, std::__1::char_traits<char>, std::__1::allocator<char> > const&, OHOS::AccountSA::CreateAccountImplicitlyOptions const&, OHOS::sptr<OHOS::AccountSA::IAppAccountAuthenticatorCallback> const&)";
        "OHOS::AccountSA::AppAccountManager::CreateAccountImplicitly(std::__h::basic_string<char, std::__h::char_traits<char>, std::__h::allocator<char> > const&, OHOS::AccountSA::CreateAccountImplicitlyOptions const&, OHOS::sptr<OHOS::AccountSA::IAppAccountAuthenticatorCallback> const&)";
        "OHOS::AccountSA::AppAccountManager::DeleteAccount(std::__1::basic_string<char, std::__1::char_traits<char>, std::__1::allocator<char> > const&)";
        "OHOS::AccountSA::AppAccountManager::DeleteAccount(std::__h::basic_string<char, std::__h::char_traits<char>, std::__h::allocator<char> > const&)";
        "OHOS::AccountSA::AppAccountManager::DeleteAccountCredential(std::__1::basic_string<char, std::__1::char_traits<char>, std::__1::allocator<char> > const&, std::__1::basic_string<char, std::__1::char_traits<char>, std::__1::allocator<char> > const&)";
        "OHOS::AccountSA::AppAccountManager::DeleteAccountCredential(std::__h::basic_string<char, std::__h::char_traits<char>, std::__h::allocator<char> > const&, std::__h::basic_string<char, std::__h::char_traits<char>, std::__h::allocator<char> > const&)";
        "OHOS::AccountSA::AppAccountManager::DeleteAuthToken(std::__1::basic_string<char, std::__1::char_traits<char>, std::__1::allocator<char> > const&, std::__1::basic_string<char, std::__1::char_traits<char>, std::__1::allocator<char> > const&, std::__1::basic_string<char, std::__1::char_traits<char>, std::__1::allocator<char> > const&, std::__1::basic_string<char, std::__1::char_traits<char>, std::__1::allocator<char> > const&)";
        "OHOS::AccountSA::AppAccountManager::DeleteAuthToken(std::__h::basic_string<char, std::__h::char_traits<char>, std::__h::allocator<char> > const&, std::__h::basic_string<char, std::__h::char_traits<char>, std::__h::allocator<char> > const&, std::__h::basic_string<char, std::__h::char_traits<char>, std::__h::allocator<char> > const&, std::__h::basic_string<char, std::__h::char_traits<char>, std::__h::allocator<char> > const&)";
        "OHOS::AccountSA::AppAccountManager::DeleteOAuthToken(std::__1::basic_string<char, std::__1::char_traits<char>, std::__1::allocator<char> > const&, std::__1::basic_string<char, std::__1::char_traits<char>, std::__1::allocator<char> > const&, std::__1::basic_string<char, std::__1::char_traits<char>, std::__1::allocator<char> > const&, std::__1::basic_string<char, std::__1::char_traits<char>, std::__1::allocator<char> > const&)";
        "OHOS::AccountSA::AppAccountManager::DeleteOAuthToken(std::__h::basic_string<char, std::__h::char_traits<char>, std::__h::allocator<char> > const&, std::__h::basic_string<char, std::__h::char_traits<char>, std::__h::allocator<char> > const&, std::__h::basic_string<char, std::__h::char_traits<char>, std::__h::allocator<char> > const&, std::__h::basic_string<char, std::__h::char_traits<char>, std::__h::allocator<char> > const&)";
        "OHOS::AccountSA::AppAccountManager::DisableAppAccess(std::__1::basic_string<char, std::__1::char_traits<char>, std::__1::allocator<char> > const&, std::__1::basic_string<char, std::__1::char_traits<char>, std::__1::allocator<char> > const&)";
        "OHOS::AccountSA::AppAccountManager::DisableAppAccess(std::__h::basic_string<char, std::__h::char_traits<char>, std::__h::allocator<char> > const&, std::__h::basic_string<char, std::__h::char_traits<char>, std::__h::allocator<char> > const&)";
        "OHOS::AccountSA::AppAccountManager::EnableAppAccess(std::__1::basic_string<char, std::__1::char_traits<char>, std::__1::allocator<char> > const&, std::__1::basic_string<char, std::__1::char_traits<char>, std::__1::allocator<char> > const&)";
        "OHOS::AccountSA::AppAccountManager::EnableAppAccess(std::__h::basic_string<char, std::__h::char_traits<char>, std::__h::allocator<char> > const&, std::__h::basic_string<char, std::__h::char_traits<char>, std::__h::allocator<char> > const&)";
        "OHOS::AccountSA::AppAccountManager::GetAccountCredential(std::__1::basic_string<char, std::__1::char_traits<char>, std::__1::allocator<char> > const&, std::__1::basic_string<char, std::__1::char_traits<char>, std::__1::allocator<char> > const&, std::__1::basic_string<char, std::__1::char_traits<char>, std::__1::allocator<char> >&)";
        "OHOS::AccountSA::AppAccountManager::GetAccountCredential(std::__h::basic_string<char, std::__h::char_traits<char>, std::__h::allocator<char> > const&, std::__h::basic_string<char, std::__h::char_traits<char>, std::__h::allocator<char> > const&, std::__h::basic_string<char, std::__h::char_traits<char>, std::__h::allocator<char> >&)";
        "OHOS::AccountSA::AppAccountManager::GetAccountExtraInfo(std::__1::basic_string<char, std::__1::char_traits<char>, std::__1::allocator<char> > const&, std::__1::basic_string<char, std::__1::char_traits<char>, std::__1::allocator<char> >&)";
        "OHOS::AccountSA::AppAccountManager::GetAccountExtraInfo(std::__h::basic_string<char, std::__h::char_traits<char>, std::__h::allocator<char> > const&, std::__h::basic_string<char, std::__h::char_traits<char>, std::__h::allocator<char> >&)";
        "OHOS::AccountSA::AppAccountManager::GetAllAccessibleAccounts(std::__1::vector<OHOS::AccountSA::AppAccountInfo, std::__1::allocator<OHOS::AccountSA::AppAccountInfo> >&)";
        "OHOS::AccountSA::AppAccountManager::GetAllAccessibleAccounts(std::__h::vector<OHOS::AccountSA::AppAccountInfo, std::__h::allocator<OHOS::AccountSA::AppAccountInfo> >&)";
        "OHOS::AccountSA::AppAccountManager::GetAllAccounts(std::__1::basic_string<char, std::__1::char_traits<char>, std::__1::allocator<char> > const&, std::__1::vector<OHOS::AccountSA::AppAccountInfo, std::__1::allocator<OHOS::AccountSA::AppAccountInfo> >&)";
        "OHOS::AccountSA::AppAccountManager::GetAllAccounts(std::__h::basic_string<char, std::__h::char_traits<char>, std::__h::allocator<char> > const&, std::__h::vector<OHOS::AccountSA::AppAccountInfo, std::__h::allocator<OHOS::AccountSA::AppAccountInfo> >&)";
        "OHOS::AccountSA::AppAccountManager::GetAllOAuthTokens(std::__1::basic_string<char, std::__1::char_traits<char>, std::__1::allocator<char> > const&, std::__1::basic_string<char, std::__1::char_traits<char>, std::__1::allocator<char> > const&, std::__1::vector<OHOS::AccountSA::OAuthTokenInfo, std::__1::allocator<OHOS::AccountSA::OAuthTokenInfo> >&)";
        "OHOS::AccountSA::AppAccountManager::GetAllOAuthTokens(std::__h::basic_string<char, std::__h::char_traits<char>, std::__h::allocator<char> > const&, std::__h::basic_string<char, std::__h::char_traits<char>, std::__h::allocator<char> > const&, std::__h::vector<OHOS::AccountSA::OAuthTokenInfo, std::__h::allocator<OHOS::AccountSA::OAuthTokenInfo> >&)";
        "OHOS::AccountSA::AppAccountManager::GetAssociatedData(std::__1::basic_string<char, std::__1::char_traits<char>, std::__1::allocator<char> > const&, std::__1::basic_string<char, std::__1::char_t ... )";
        "OHOS::AccountSA::AppAccountManager::GetAssociatedData(std::__1::basic_string<char, std::__1::char_traits<char>, std::__1::allocator<char> > const&, std::__1::basic_string<char, std::__1::char_traits<char>, std::__1::allocator<char> > const&, std::__1::basic_string<char, std::__1::char_traits<char>, std::__1::allocator<char> >&)";
        "OHOS::AccountSA::AppAccountManager::GetAssociatedData(std::__h::basic_string<char, std::__h::char_traits<char>, std::__h::allocator<char> > const&, std::__h::basic_string<char, std::__h::char_traits<char>, std::__h::allocator<char> > const&, std::__h::basic_string<char, std::__h::char_traits<char>, std::__h::allocator<char> >&)";
        "OHOS::AccountSA::AppAccountManager::GetAuthenticatorCallback(std::__1::basic_string<char, std::__1::char_traits<char>, std::__1::allocator<char> > const&, OHOS::sptr<OHOS::IRemoteObject>&)";
        "OHOS::AccountSA::AppAccountManager::GetAuthenticatorCallback(std::__h::basic_string<char, std::__h::char_traits<char>, std::__h::allocator<char> > const&, OHOS::sptr<OHOS::IRemoteObject>&)";
        "OHOS::AccountSA::AppAccountManager::GetAuthenticatorInfo(std::__1::basic_string<char, std::__1::char_traits<char>, std::__1::allocator<char> > const&, OHOS::AccountSA::AuthenticatorInfo&)";
        "OHOS::AccountSA::AppAccountManager::GetAuthenticatorInfo(std::__h::basic_string<char, std::__h::char_traits<char>, std::__h::allocator<char> > const&, OHOS::AccountSA::AuthenticatorInfo&)";
        "OHOS::AccountSA::AppAccountManager::GetAuthList(std::__1::basic_string<char, std::__1::char_traits<char>, std::__1::allocator<char> > const&, std::__1::basic_string<char, std::__1::char_traits<char>, std::__1::allocator<char> > const&, std::__1::set<std::__1::basic_string<char, std::__1::char_traits<char>, std::__1::allocator<char> >, std::__1::less<std::__1::basic_string<char, std::__1::char_traits<char>, std::__1::allocator<char> > >, std::__1::allocator<std::__1::basic_string<char, std::__1::char_traits<char>, std::__1::allocator<char> > > >&)";
        "OHOS::AccountSA::AppAccountManager::GetAuthList(std::__h::basic_string<char, std::__h::char_traits<char>, std::__h::allocator<char> > const&, std::__h::basic_string<char, std::__h::char_traits<char>, std::__h::allocator<char> > const&, std::__h::set<std::__h::basic_string<char, std::__h::char_traits<char>, std::__h::allocator<char> >, std::__h::less<std::__h::basic_string<char, std::__h::char_traits<char>, std::__h::allocator<char> > >, std::__h::allocator<std::__h::basic_string<char, std::__h::char_traits<char>, std::__h::allocator<char> > > >&)";
        "OHOS::AccountSA::AppAccountManager::GetAuthToken(std::__1::basic_string<char, std::__1::char_traits<char>, std::__1::allocator<char> > const&, std::__1::basic_string<char, std::__1::char_traits<char>, std::__1::allocator<char> > const&, std::__1::basic_string<char, std::__1::char_traits<char>, std::__1::allocator<char> > const&, std::__1::basic_string<char, std::__1::char_traits<char>, std::__1::allocator<char> >&)";
        "OHOS::AccountSA::AppAccountManager::GetAuthToken(std::__h::basic_string<char, std::__h::char_traits<char>, std::__h::allocator<char> > const&, std::__h::basic_string<char, std::__h::char_traits<char>, std::__h::allocator<char> > const&, std::__h::basic_string<char, std::__h::char_traits<char>, std::__h::allocator<char> > const&, std::__h::basic_string<char, std::__h::char_traits<char>, std::__h::allocator<char> >&)";
        "OHOS::AccountSA::AppAccountManager::GetOAuthList(std::__1::basic_string<char, std::__1::char_traits<char>, std::__1::allocator<char> > const&, std::__1::basic_string<char, std::__1::char_traits<char>, std::__1::allocator<char> > const&, std::__1::set<std::__1::basic_string<char, std::__1::char_traits<char>, std::__1::allocator<char> >, std::__1::less<std::__1::basic_string<char, std::__1::char_traits<char>, std::__1::allocator<char> > >, std::__1::allocator<std::__1::basic_string<char, std::__1::char_traits<char>, std::__1::allocator<char> > > >&)";
        "OHOS::AccountSA::AppAccountManager::GetOAuthList(std::__h::basic_string<char, std::__h::char_traits<char>, std::__h::allocator<char> > const&, std::__h::basic_string<char, std::__h::char_traits<char>, std::__h::allocator<char> > const&, std::__h::set<std::__h::basic_string<char, std::__h::char_traits<char>, std::__h::allocator<char> >, std::__h::less<std::__h::basic_string<char, std::__h::char_traits<char>, std::__h::allocator<char> > >, std::__h::allocator<std::__h::basic_string<char, std::__h::char_traits<char>, std::__h::allocator<char> > > >&)";
        "OHOS::AccountSA::AppAccountManager::GetOAuthToken(std::__1::basic_string<char, std::__1::char_traits<char>, std::__1::allocator<char> > const&, std::__1::basic_string<char, std::__1::char_traits<char>, std::__1::allocator<char> > const&, std::__1::basic_string<char, std::__1::char_traits<char>, std::__1::allocator<char> > const&, std::__1::basic_string<char, std::__1::char_traits<char>, std::__1::allocator<char> >&)";
        "OHOS::AccountSA::AppAccountManager::GetOAuthToken(std::__h::basic_string<char, std::__h::char_traits<char>, std::__h::allocator<char> > const&, std::__h::basic_string<char, std::__h::char_traits<char>, std::__h::allocator<char> > const&, std::__h::basic_string<char, std::__h::char_traits<char>, std::__h::allocator<char> > const&, std::__h::basic_string<char, std::__h::char_traits<char>, std::__h::allocator<char> >&)";
        "OHOS::AccountSA::AppAccountManager::QueryAllAccessibleAccounts(std::__1::basic_string<char, std::__1::char_traits<char>, std::__1::allocator<char> > const&, std::__1::vector<OHOS::AccountSA::AppAccountInfo, std::__1::allocator<OHOS::AccountSA::AppAccountInfo> >&)";
        "OHOS::AccountSA::AppAccountManager::QueryAllAccessibleAccounts(std::__h::basic_string<char, std::__h::char_traits<char>, std::__h::allocator<char> > const&, std::__h::vector<OHOS::AccountSA::AppAccountInfo, std::__h::allocator<OHOS::AccountSA::AppAccountInfo> >&)";
        "OHOS::AccountSA::AppAccountManager::SelectAccountsByOptions(OHOS::AccountSA::SelectAccountsOptions const&, OHOS::sptr<OHOS::AccountSA::IAppAccountAuthenticatorCallback> const&)";
        "OHOS::AccountSA::AppAccountManager::SetAccountCredential(std::__1::basic_string<char, std::__1::char_traits<char>, std::__1::allocator<char> > const&, std::__1::basic_string<char, std::__1::char_traits<char>, std::__1::allocator<char> > const&, std::__1::basic_string<char, std::__1::char_traits<char>, std::__1::allocator<char> > const&)";
        "OHOS::AccountSA::AppAccountManager::SetAccountCredential(std::__h::basic_string<char, std::__h::char_traits<char>, std::__h::allocator<char> > const&, std::__h::basic_string<char, std::__h::char_traits<char>, std::__h::allocator<char> > const&, std::__h::basic_string<char, std::__h::char_traits<char>, std::__h::allocator<char> > const&)";
        "OHOS::AccountSA::AppAccountManager::SetAccountExtraInfo(std::__1::basic_string<char, std::__1::char_traits<char>, std::__1::allocator<char> > const&, std::__1::basic_string<char, std::__1::char_traits<char>, std::__1::allocator<char> > const&)";
        "OHOS::AccountSA::AppAccountManager::SetAccountExtraInfo(std::__h::basic_string<char, std::__h::char_traits<char>, std::__h::allocator<char> > const&, std::__h::basic_string<char, std::__h::char_traits<char>, std::__h::allocator<char> > const&)";
        "OHOS::AccountSA::AppAccountManager::SetAppAccess(std::__1::basic_string<char, std::__1::char_traits<char>, std::__1::allocator<char> > const&, std::__1::basic_string<char, std::__1::char_traits<char>, std::__1::allocator<char> > const&, bool)";
        "OHOS::AccountSA::AppAccountManager::SetAppAccess(std::__h::basic_string<char, std::__h::char_traits<char>, std::__h::allocator<char> > const&, std::__h::basic_string<char, std::__h::char_traits<char>, std::__h::allocator<char> > const&, bool)";
        "OHOS::AccountSA::AppAccountManager::SetAppAccountSyncEnable(std::__1::basic_string<char, std::__1::char_traits<char>, std::__1::allocator<char> > const&, bool const&)";
        "OHOS::AccountSA::AppAccountManager::SetAppAccountSyncEnable(std::__h::basic_string<char, std::__h::char_traits<char>, std::__h::allocator<char> > const&, bool const&)";
        "OHOS::AccountSA::AppAccountManager::SetAssociatedData(std::__1::basic_string<char, std::__1::char_traits<char>, std::__1::allocator<char> > const&, std::__1::basic_string<char, std::__1::char_traits<char>, std::__1::allocator<char> > const&, std::__1::basic_string<char, std::__1::char_traits<char>, std::__1::allocator<char> > const&)";
        "OHOS::AccountSA::AppAccountManager::SetAssociatedData(std::__h::basic_string<char, std::__h::char_traits<char>, std::__h::allocator<char> > const&, std::__h::basic_string<char, std::__h::char_traits<char>, std::__h::allocator<char> > const&, std::__h::basic_string<char, std::__h::char_traits<char>, std::__h::allocator<char> > const&)";
        "OHOS::AccountSA::AppAccountManager::SetAuthenticatorProperties(std::__1::basic_string<char, std::__1::char_traits<char>, std::__1::allocator<char> > const&, OHOS::AccountSA::SetPropertiesOptions const&, OHOS::sptr<OHOS::AccountSA::IAppAccountAuthenticatorCallback> const&)";
        "OHOS::AccountSA::AppAccountManager::SetAuthenticatorProperties(std::__h::basic_string<char, std::__h::char_traits<char>, std::__h::allocator<char> > const&, OHOS::AccountSA::SetPropertiesOptions const&, OHOS::sptr<OHOS::AccountSA::IAppAccountAuthenticatorCallback> const&)";
        "OHOS::AccountSA::AppAccountManager::SetAuthTokenVisibility(std::__1::basic_string<char, std::__1::char_traits<char>, std::__1::allocator<char> > const&, std::__1::basic_string<char, std::__1::char_traits<char>, std::__1::allocator<char> > const&, std::__1::basic_string<char, std::__1::char_traits<char>, std::__1::allocator<char> > const&, bool)";
        "OHOS::AccountSA::AppAccountManager::SetAuthTokenVisibility(std::__h::basic_string<char, std::__h::char_traits<char>, std::__h::allocator<char> > const&, std::__h::basic_string<char, std::__h::char_traits<char>, std::__h::allocator<char> > const&, std::__h::basic_string<char, std::__h::char_traits<char>, std::__h::allocator<char> > const&, bool)";
        "OHOS::AccountSA::AppAccountManager::SetOAuthToken(std::__1::basic_string<char, std::__1::char_traits<char>, std::__1::allocator<char> > const&, std::__1::basic_string<char, std::__1::char_traits<char>, std::__1::allocator<char> > const&, std::__1::basic_string<char, std::__1::char_traits<char>, std::__1::allocator<char> > const&)";
        "OHOS::AccountSA::AppAccountManager::SetOAuthToken(std::__h::basic_string<char, std::__h::char_traits<char>, std::__h::allocator<char> > const&, std::__h::basic_string<char, std::__h::char_traits<char>, std::__h::allocator<char> > const&, std::__h::basic_string<char, std::__h::char_traits<char>, std::__h::allocator<char> > const&)";
        "OHOS::AccountSA::AppAccountManager::SetOAuthTokenVisibility(std::__1::basic_string<char, std::__1::char_traits<char>, std::__1::allocator<char> > const&, std::__1::basic_string<char, std::__1::char_traits<char>, std::__1::allocator<char> > const&, std::__1::basic_string<char, std::__1::char_traits<char>, std::__1::allocator<char> > const&, bool)";
        "OHOS::AccountSA::AppAccountManager::SetOAuthTokenVisibility(std::__h::basic_string<char, std::__h::char_traits<char>, std::__h::allocator<char> > const&, std::__h::basic_string<char, std::__h::char_traits<char>, std::__h::allocator<char> > const&, std::__h::basic_string<char, std::__h::char_traits<char>, std::__h::allocator<char> > const&, bool)";
        "OHOS::AccountSA::AppAccountManager::SubscribeAppAccount(std::__1::shared_ptr<OHOS::AccountSA::AppAccountSubscriber> const&)";
        "OHOS::AccountSA::AppAccountManager::SubscribeAppAccount(std::__h::shared_ptr<OHOS::AccountSA::AppAccountSubscriber> const&)";
        "OHOS::AccountSA::AppAccountManager::UnsubscribeAppAccount(std::__1::shared_ptr<OHOS::AccountSA::AppAccountSubscriber> const&)";
        "OHOS::AccountSA::AppAccountManager::UnsubscribeAppAccount(std::__h::shared_ptr<OHOS::AccountSA::AppAccountSubscriber> const&)";
        "OHOS::AccountSA::AppAccountManager::VerifyCredential(std::__1::basic_string<char, std::__1::char_traits<char>, std::__1::allocator<char> > const&, std::__1::basic_string<char, std::__1::char_traits<char>, std::__1::allocator<char> > const&, OHOS::AccountSA::VerifyCredentialOptions const&, OHOS::sptr<OHOS::AccountSA::IAppAccountAuthenticatorCallback> const&)";
        "OHOS::AccountSA::AppAccountManager::VerifyCredential(std::__h::basic_string<char, std::__h::char_traits<char>, std::__h::allocator<char> > const&, std::__h::basic_string<char, std::__h::char_traits<char>, std::__h::allocator<char> > const&, OHOS::AccountSA::VerifyCredentialOptions const&, OHOS::sptr<OHOS::AccountSA::IAppAccountAuthenticatorCallback> const&)";
        "OHOS::AccountSA::AppAccountSubscribeInfo::AppAccountSubscribeInfo()";
        "OHOS::AccountSA::AppAccountSubscribeInfo::AppAccountSubscribeInfo(std::__1::vector<std::__1::basic_string<char, std::__1::char_traits<char>, std::__1::allocator<char> >, std::__1::allocator<std::__1::basic_string<char, std::__1::char_traits<char>, std::__1::allocator<char> > > >&)";
        "OHOS::AccountSA::AppAccountSubscribeInfo::AppAccountSubscribeInfo(std::__h::vector<std::__h::basic_string<char, std::__h::char_traits<char>, std::__h::allocator<char> >, std::__h::allocator<std::__h::basic_string<char, std::__h::char_traits<char>, std::__h::allocator<char> > > >&)";
        "OHOS::AccountSA::AppAccountSubscribeInfo::GetOwners(std::__1::vector<std::__1::basic_string<char, std::__1::char_traits<char>, std::__1::allocator<char> >, std::__1::allocator<std::__1::basic_string<char, std::__1::char_traits<char>, std::__1::allocator<char> > > >&) const";
        "OHOS::AccountSA::AppAccountSubscribeInfo::GetOwners(std::__h::vector<std::__h::basic_string<char, std::__h::char_traits<char>, std::__h::allocator<char> >, std::__h::allocator<std::__h::basic_string<char, std::__h::char_traits<char>, std::__h::allocator<char> > > >&) const";
        "OHOS::AccountSA::AppAccountSubscribeInfo::Marshalling(OHOS::Parcel&) const";
        "OHOS::AccountSA::AppAccountSubscribeInfo::SetOwners(std::__1::vector<std::__1::basic_string<char, std::__1::char_traits<char>, std::__1::allocator<char> >, std::__1::allocator<std::__1::basic_string<char, std::__1::char_traits<char>, std::__1::allocator<char> > > > const&)";
        "OHOS::AccountSA::AppAccountSubscribeInfo::SetOwners(std::__h::vector<std::__h::basic_string<char, std::__h::char_traits<char>, std::__h::allocator<char> >, std::__h::allocator<std::__h::basic_string<char, std::__h::char_traits<char>, std::__h::allocator<char> > > > const&)";
        "OHOS::AccountSA::AppAccountSubscribeInfo::Unmarshalling(OHOS::Parcel&)";
        "OHOS::AccountSA::AppAccountSubscriber::AppAccountSubscriber()";
        "OHOS::AccountSA::AppAccountSubscriber::AppAccountSubscriber(OHOS::AccountSA::AppAccountSubscribeInfo const&)";
        "OHOS::AccountSA::ConvertToJSErrCodeV8(int)";
        "OHOS::AccountSA::CreateAccountImplicitlyOptions::Marshalling(OHOS::Parcel&) const";
        "OHOS::AccountSA::CreateAccountImplicitlyOptions::Unmarshalling(OHOS::Parcel&)";
        "OHOS::AccountSA::CreateAccountOptions::Marshalling(OHOS::Parcel&) const";
        "OHOS::AccountSA::CreateAccountOptions::Unmarshalling(OHOS::Parcel&)";
        "OHOS::AccountSA::SelectAccountsOptions::Marshalling(OHOS::Parcel&) const";
        "OHOS::AccountSA::SelectAccountsOptions::Unmarshalling(OHOS::Parcel&)";
        "OHOS::AccountSA::SetPropertiesOptions::Marshalling(OHOS::Parcel&) const";
        "OHOS::AccountSA::SetPropertiesOptions::Unmarshalling(OHOS::Parcel&)";
        "OHOS::AccountSA::VerifyCredentialOptions::Marshalling(OHOS::Parcel&) const";
        "OHOS::AccountSA::VerifyCredentialOptions::Unmarshalling(OHOS::Parcel&)";
        "virtual thunk to OHOS::AccountSA::AppAccountAuthenticatorCallbackStub::~AppAccountAuthenticatorCallbackStub()";
        "virtual thunk to OHOS::AccountSA::AppAccountAuthenticatorStub::~AppAccountAuthenticatorStub()";
        "virtual thunk to OHOS::AccountSA::AppAccountEventStub::~AppAccountEventStub()";
        "vtable for OHOS::AccountSA::AppAccountInfo";
        "vtable for OHOS::AccountSA::AppAccountSubscribeInfo";
        "vtable for OHOS::AccountSA::CreateAccountImplicitlyOptions";
        "vtable for OHOS::AccountSA::CreateAccountOptions";
        "vtable for OHOS::AccountSA::SelectAccountsOptions";
        "vtable for OHOS::AccountSA::SetPropertiesOptions";
        "vtable for OHOS::AccountSA::VerifyCredentialOptions";
        "VTT for OHOS::AccountSA::AppAccountInfo";
        "VTT for OHOS::AccountSA::AppAccountSubscribeInfo";
        "VTT for OHOS::AccountSA::CreateAccountImplicitlyOptions";
        "VTT for OHOS::AccountSA::CreateAccountOptions";
        "VTT for OHOS::AccountSA::SelectAccountsOptions";
        "VTT for OHOS::AccountSA::SetPropertiesOptions";
        "VTT for OHOS::AccountSA::VerifyCredentialOptions";
    };
  local:
    *;
};