# Copyright (c) 2023 Huawei Device Co., Ltd.
# Licensed under the Apache License, Version 2.0 (the "License");
# you may not use this file except in compliance with the License.
# You may obtain a copy of the License at
#
# http://www.apache.org/licenses/LICENSE-2.0
#
# Unless required by applicable law or agreed to in writing, software
# distributed under the License is distributed on an "AS IS" BASIS,
# WITHOUT WARRANTIES OR CONDITIONS OF ANY KIND, either express or implied.
# See the License for the specific language governing permissions and
# limitations under the License.

1.0 {
  global:
    extern "C++" {
        "OHOS::AAFwk::StopUserCallbackStub::StopUserCallbackStub()";
        "OHOS::AccountSA::AccountDataStorage::AddAccountInfo(OHOS::AccountSA::IAccountInfo const&)";
        "OHOS::AccountSA::AccountDataStorage::CheckKvStore()";
        "OHOS::AccountSA::AccountDataStorage::DeleteKvStore()";
        "OHOS::AccountSA::AccountDataStorage::GetValueFromKvStore(std::__1::basic_string<char, std::__1::char_traits<char>, std::__1::allocator<char> > const&, std::__1::basic_string<char, std::__1::char_traits<char>, std::__1::allocator<char> >&)";
        "OHOS::AccountSA::AccountDataStorage::GetValueFromKvStore(std::__h::basic_string<char, std::__h::char_traits<char>, std::__h::allocator<char> > const&, std::__h::basic_string<char, std::__h::char_traits<char>, std::__h::allocator<char> >&)";
        "OHOS::AccountSA::AccountDataStorage::LoadAllData(std::__1::map<std::__1::basic_string<char, std::__1::char_traits<char>, std::__1::allocator<char> >, std::__1::shared_ptr<OHOS::AccountSA::IAccountInfo>, std::__1::less<std::__1::basic_string<char, std::__1::char_traits<char>, std::__1::allocator<char> > >, std::__1::allocator<std::__1::pair<std::__1::basic_string<char, std::__1::char_traits<char>, std::__1::allocator<char> > const, std::__1::shared_ptr<OHOS::AccountSA::IAccountInfo> > > >&)";
        "OHOS::AccountSA::AccountDataStorage::LoadAllData(std::__h::map<std::__h::basic_string<char, std::__h::char_traits<char>, std::__h::allocator<char> >, std::__h::shared_ptr<OHOS::AccountSA::IAccountInfo>, std::__h::less<std::__h::basic_string<char, std::__h::char_traits<char>, std::__h::allocator<char> > >, std::__h::allocator<std::__h::pair<std::__h::basic_string<char, std::__h::char_traits<char>, std::__h::allocator<char> > const, std::__h::shared_ptr<OHOS::AccountSA::IAccountInfo> > > >&)";
        "OHOS::AccountSA::AccountDataStorage::RemoveValueFromKvStore(std::__1::basic_string<char, std::__1::char_traits<char>, std::__1::allocator<char> > const&)";
        "OHOS::AccountSA::AccountDataStorage::RemoveValueFromKvStore(std::__h::basic_string<char, std::__h::char_traits<char>, std::__h::allocator<char> > const&)";
        "OHOS::AccountSA::AccountDataStorage::SaveAccountInfo(OHOS::AccountSA::IAccountInfo const&)";
        "OHOS::AccountSA::AccountDataStorage::~AccountDataStorage()";
        "OHOS::AccountSA::AccountDumpHelper::AccountDumpHelper(std::__1::shared_ptr<OHOS::AccountSA::OhosAccountManager> const&, OHOS::AccountSA::OsAccountManagerService*)";
        "OHOS::AccountSA::AccountDumpHelper::AccountDumpHelper(std::__h::shared_ptr<OHOS::AccountSA::OhosAccountManager> const&, OHOS::AccountSA::OsAccountManagerService*)";
        "OHOS::AccountSA::AccountDumpHelper::Dump(std::__1::vector<std::__1::basic_string<char, std::__1::char_traits<char>, std::__1::allocator<char> >, std::__1::allocator<std::__1::basic_string<char, std::__1::char_traits<char>, std::__1::allocator<char> > > > const&, std::__1::basic_string<char, std::__1::char_traits<char>, std::__1::allocator<char> >&) const";
        "OHOS::AccountSA::AccountDumpHelper::Dump(std::__h::vector<std::__h::basic_string<char, std::__h::char_traits<char>, std::__h::allocator<char> >, std::__h::allocator<std::__h::basic_string<char, std::__h::char_traits<char>, std::__h::allocator<char> > > > const&, std::__h::basic_string<char, std::__h::char_traits<char>, std::__h::allocator<char> >&) const";
        "OHOS::AccountSA::AccountHelperData::GetAccountEventMap()";
        "OHOS::AccountSA::AccountIAMService::AccountIAMService()";
        "OHOS::AccountSA::AccountMgrService::AccountMgrService()";
        "OHOS::AccountSA::AccountMgrService::Init()";
        "OHOS::AccountSA::AccountMgrService::~AccountMgrService()";
        "OHOS::AccountSA::AccountPermissionManager::AccountPermissionManager()";
        "OHOS::AccountSA::AccountPermissionManager::DISTRIBUTED_DATASYNC";
        "OHOS::AccountSA::AccountPermissionManager::VerifyPermission(std::__1::basic_string<char, std::__1::char_traits<char>, std::__1::allocator<char> > const&)";
        "OHOS::AccountSA::AccountPermissionManager::VerifyPermission(std::__h::basic_string<char, std::__h::char_traits<char>, std::__h::allocator<char> > const&)";
        "OHOS::AccountSA::AccountStateMachine::Clean()";
        "OHOS::AccountSA::AccountStateMachine::OnInitialize()";
        "OHOS::AccountSA::AccountStateMachine::StateChangeProcess(int)";
        "OHOS::AccountSA::AccountStub::OnRemoteRequest(unsigned int, OHOS::MessageParcel&, OHOS::MessageParcel&, OHOS::MessageOption&)";
        "OHOS::AccountSA::AddCredCallback::AddCredCallback(unsigned int, OHOS::UserIam::UserAuth::CredentialParameters const&, OHOS::sptr<OHOS::AccountSA::IIDMCallback> const&)";
        "OHOS::AccountSA::AppAccountAuthenticatorCallback::AppAccountAuthenticatorCallback(std::__1::basic_string<char, std::__1::char_traits<char>, std::__1::allocator<char> > const&)";
        "OHOS::AccountSA::AppAccountAuthenticatorCallback::AppAccountAuthenticatorCallback(std::__h::basic_string<char, std::__h::char_traits<char>, std::__h::allocator<char> > const&)";
        "OHOS::AccountSA::AppAccountAuthenticatorCallback::~AppAccountAuthenticatorCallback()";
        "OHOS::AccountSA::AppAccountAuthenticatorManager::AppAccountAuthenticatorManager()";
        "OHOS::AccountSA::AppAccountAuthenticatorManager::GetAuthenticatorInfo(std::__1::basic_string<char, std::__1::char_traits<char>, std::__1::allocator<char> > const&, int, OHOS::AccountSA::AuthenticatorInfo&)";
        "OHOS::AccountSA::AppAccountAuthenticatorManager::GetAuthenticatorInfo(std::__h::basic_string<char, std::__h::char_traits<char>, std::__h::allocator<char> > const&, int, OHOS::AccountSA::AuthenticatorInfo&)";
        "OHOS::AccountSA::AppAccountAuthenticatorManager::Init()";
        "OHOS::AccountSA::AppAccountAuthenticatorManager::~AppAccountAuthenticatorManager()";
        "OHOS::AccountSA::AppAccountAuthenticatorProxy::AppAccountAuthenticatorProxy(OHOS::sptr<OHOS::IRemoteObject> const&)";
        "OHOS::AccountSA::AppAccountAuthenticatorSession::AddClientDeathRecipient()";
        "OHOS::AccountSA::AppAccountAuthenticatorSession::AppAccountAuthenticatorSession(OHOS::AccountSA::AuthenticatorAction, OHOS::AccountSA::AuthenticatorSessionRequest const&)";
        "OHOS::AccountSA::AppAccountAuthenticatorSession::GetAuthenticatorCallback(OHOS::AccountSA::AuthenticatorSessionRequest const&, OHOS::sptr<OHOS::IRemoteObject>&) const";
        "OHOS::AccountSA::AppAccountAuthenticatorSession::Init()";
        "OHOS::AccountSA::AppAccountAuthenticatorSession::OnAbilityConnectDone(OHOS::AppExecFwk::ElementName const&, OHOS::sptr<OHOS::IRemoteObject> const&, int)";
        "OHOS::AccountSA::AppAccountAuthenticatorSession::OnResult(int, OHOS::AAFwk::Want const&) const";
        "OHOS::AccountSA::AppAccountAuthenticatorSession::UpdateAuthInfo(OHOS::AAFwk::Want const&) const";
        "OHOS::AccountSA::AppAccountAuthenticatorSession::~AppAccountAuthenticatorSession()";
        "OHOS::AccountSA::AppAccountAuthenticatorSessionManager::AppAccountAuthenticatorSessionManager()";
        "OHOS::AccountSA::AppAccountAuthenticatorSessionManager::CloseSession(std::__1::basic_string<char, std::__1::char_traits<char>, std::__1::allocator<char> > const&)";
        "OHOS::AccountSA::AppAccountAuthenticatorSessionManager::CloseSession(std::__h::basic_string<char, std::__h::char_traits<char>, std::__h::allocator<char> > const&)";
        "OHOS::AccountSA::AppAccountAuthenticatorSessionManager::GetAuthenticatorCallback(OHOS::AccountSA::AuthenticatorSessionRequest const&, OHOS::sptr<OHOS::IRemoteObject>&)";
        "OHOS::AccountSA::AppAccountAuthenticatorSessionManager::GetSession(std::__1::basic_string<char, std::__1::char_traits<char>, std::__1::allocator<char> > const&)";
        "OHOS::AccountSA::AppAccountAuthenticatorSessionManager::GetSession(std::__h::basic_string<char, std::__h::char_traits<char>, std::__h::allocator<char> > const&)";
        "OHOS::AccountSA::AppAccountAuthenticatorSessionManager::IsAccountRemovable(OHOS::AccountSA::AuthenticatorSessionRequest const&)";
        "OHOS::AccountSA::AppAccountAuthenticatorSessionManager::OnAbilityStateChanged(OHOS::AppExecFwk::AbilityStateData const&)";
        "OHOS::AccountSA::AppAccountAuthenticatorSessionManager::OnSessionAbilityConnectDone(std::__1::basic_string<char, std::__1::char_traits<char>, std::__1::allocator<char> > const&, OHOS::AppExecFwk::ElementName const&, OHOS::sptr<OHOS::IRemoteObject> const&, int)";
        "OHOS::AccountSA::AppAccountAuthenticatorSessionManager::OnSessionAbilityConnectDone(std::__h::basic_string<char, std::__h::char_traits<char>, std::__h::allocator<char> > const&, OHOS::AppExecFwk::ElementName const&, OHOS::sptr<OHOS::IRemoteObject> const&, int)";
        "OHOS::AccountSA::AppAccountAuthenticatorSessionManager::OnSessionAbilityDisconnectDone(std::__1::basic_string<char, std::__1::char_traits<char>, std::__1::allocator<char> > const&, OHOS::AppExecFwk::ElementName const&, int)";
        "OHOS::AccountSA::AppAccountAuthenticatorSessionManager::OnSessionAbilityDisconnectDone(std::__h::basic_string<char, std::__h::char_traits<char>, std::__h::allocator<char> > const&, OHOS::AppExecFwk::ElementName const&, int)";
        "OHOS::AccountSA::AppAccountAuthenticatorSessionManager::OnSessionRequestContinued(std::__1::basic_string<char, std::__1::char_traits<char>, std::__1::allocator<char> > const&)";
        "OHOS::AccountSA::AppAccountAuthenticatorSessionManager::OnSessionRequestContinued(std::__h::basic_string<char, std::__h::char_traits<char>, std::__h::allocator<char> > const&)";
        "OHOS::AccountSA::AppAccountAuthenticatorSessionManager::OnSessionRequestRedirected(std::__1::basic_string<char, std::__1::char_traits<char>, std::__1::allocator<char> > const&, OHOS::AAFwk::Want&)";
        "OHOS::AccountSA::AppAccountAuthenticatorSessionManager::OnSessionRequestRedirected(std::__h::basic_string<char, std::__h::char_traits<char>, std::__h::allocator<char> > const&, OHOS::AAFwk::Want&)";
        "OHOS::AccountSA::AppAccountAuthenticatorSessionManager::OnSessionResult(std::__1::basic_string<char, std::__1::char_traits<char>, std::__1::allocator<char> > const&, int, OHOS::AAFwk::Want const&)";
        "OHOS::AccountSA::AppAccountAuthenticatorSessionManager::OnSessionResult(std::__h::basic_string<char, std::__h::char_traits<char>, std::__h::allocator<char> > const&, int, OHOS::AAFwk::Want const&)";
        "OHOS::AccountSA::AppAccountAuthenticatorSessionManager::OnSessionServerDied(std::__1::basic_string<char, std::__1::char_traits<char>, std::__1::allocator<char> > const&)";
        "OHOS::AccountSA::AppAccountAuthenticatorSessionManager::OnSessionServerDied(std::__h::basic_string<char, std::__h::char_traits<char>, std::__h::allocator<char> > const&)";
        "OHOS::AccountSA::AppAccountAuthenticatorSessionManager::OpenSession(std::__1::shared_ptr<OHOS::AccountSA::AppAccountAuthenticatorSession> const&)";
        "OHOS::AccountSA::AppAccountAuthenticatorSessionManager::OpenSession(std::__h::shared_ptr<OHOS::AccountSA::AppAccountAuthenticatorSession> const&)";
        "OHOS::AccountSA::AppAccountAuthenticatorSessionManager::RegisterApplicationStateObserver()";
        "OHOS::AccountSA::AppAccountAuthenticatorSessionManager::SelectAccountsByOptions(std::__1::vector<OHOS::AccountSA::AppAccountInfo, std::__1::allocator<OHOS::AccountSA::AppAccountInfo> >, OHOS::AccountSA::AuthenticatorSessionRequest const&)";
        "OHOS::AccountSA::AppAccountAuthenticatorSessionManager::SelectAccountsByOptions(std::__h::vector<OHOS::AccountSA::AppAccountInfo, std::__h::allocator<OHOS::AccountSA::AppAccountInfo> >, OHOS::AccountSA::AuthenticatorSessionRequest const&)";
        "OHOS::AccountSA::AppAccountAuthenticatorSessionManager::UnregisterApplicationStateObserver()";
        "OHOS::AccountSA::AppAccountAuthenticatorSessionManager::~AppAccountAuthenticatorSessionManager()";
        "OHOS::AccountSA::AppAccountCheckLabelsCallback::AppAccountCheckLabelsCallback(std::__1::vector<OHOS::AccountSA::AppAccountInfo, std::__1::allocator<OHOS::AccountSA::AppAccountInfo> >, OHOS::AccountSA::AuthenticatorSessionRequest const&, std::__1::basic_string<char, std::__1::char_traits<char>, std::__1::allocator<char> > const&)";
        "OHOS::AccountSA::AppAccountCheckLabelsCallback::AppAccountCheckLabelsCallback(std::__h::vector<OHOS::AccountSA::AppAccountInfo, std::__h::allocator<OHOS::AccountSA::AppAccountInfo> >, OHOS::AccountSA::AuthenticatorSessionRequest const&, std::__h::basic_string<char, std::__h::char_traits<char>, std::__h::allocator<char> > const&)";
        "OHOS::AccountSA::AppAccountCheckLabelsCallback::~AppAccountCheckLabelsCallback()";
        "OHOS::AccountSA::AppAccountCheckLabelsSession::AppAccountCheckLabelsSession(std::__1::vector<OHOS::AccountSA::AppAccountInfo, std::__1::allocator<OHOS::AccountSA::AppAccountInfo> >, OHOS::AccountSA::AuthenticatorSessionRequest const&)";
        "OHOS::AccountSA::AppAccountCheckLabelsSession::AppAccountCheckLabelsSession(std::__h::vector<OHOS::AccountSA::AppAccountInfo, std::__h::allocator<OHOS::AccountSA::AppAccountInfo> >, OHOS::AccountSA::AuthenticatorSessionRequest const&)";
        "OHOS::AccountSA::AppAccountCheckLabelsSession::CheckLabels()";
        "OHOS::AccountSA::AppAccountCheckLabelsSession::~AppAccountCheckLabelsSession()";
        "OHOS::AccountSA::AppAccountCommonEventObserver::AppAccountCommonEventObserver(OHOS::AccountSA::CommonEventCallback const&)";
        "OHOS::AccountSA::AppAccountCommonEventObserver::GetEventHandler()";
        "OHOS::AccountSA::AppAccountCommonEventObserver::~AppAccountCommonEventObserver()";
        "OHOS::AccountSA::AppAccountControlManager::AddAccount(std::__1::basic_string<char, std::__1::char_traits<char>, std::__1::allocator<char> > const&, std::__1::basic_string<char, std::__1::char_traits<char>, std::__1::allocator<char> > const&, unsigned int const&, std::__1::basic_string<char, std::__1::char_traits<char>, std::__1::allocator<char> > const&, OHOS::AccountSA::AppAccountInfo&)";
        "OHOS::AccountSA::AppAccountControlManager::AddAccount(std::__h::basic_string<char, std::__h::char_traits<char>, std::__h::allocator<char> > const&, std::__h::basic_string<char, std::__h::char_traits<char>, std::__h::allocator<char> > const&, unsigned int const&, std::__h::basic_string<char, std::__h::char_traits<char>, std::__h::allocator<char> > const&, OHOS::AccountSA::AppAccountInfo&)";
        "OHOS::AccountSA::AppAccountControlManager::AddAccountInfoIntoDataStorage(OHOS::AccountSA::AppAccountInfo&, std::__1::shared_ptr<OHOS::AccountSA::AppAccountDataStorage> const&, unsigned int const&)";
        "OHOS::AccountSA::AppAccountControlManager::AddAccountInfoIntoDataStorage(OHOS::AccountSA::AppAccountInfo&, std::__h::shared_ptr<OHOS::AccountSA::AppAccountDataStorage> const&, unsigned int const&)";
        "OHOS::AccountSA::AppAccountControlManager::AppAccountControlManager()";
        "OHOS::AccountSA::AppAccountControlManager::DeleteAccount(std::__1::basic_string<char, std::__1::char_traits<char>, std::__1::allocator<char> > const&, unsigned int const&, std::__1::basic_string<char, std::__1::char_traits<char>, std::__1::allocator<char> > const&, OHOS::AccountSA::AppAccountInfo&)";
        "OHOS::AccountSA::AppAccountControlManager::DeleteAccount(std::__h::basic_string<char, std::__h::char_traits<char>, std::__h::allocator<char> > const&, unsigned int const&, std::__h::basic_string<char, std::__h::char_traits<char>, std::__h::allocator<char> > const&, OHOS::AccountSA::AppAccountInfo&)";
        "OHOS::AccountSA::AppAccountControlManager::DeleteAccountInfoFromDataStorage(OHOS::AccountSA::AppAccountInfo&, std::__1::shared_ptr<OHOS::AccountSA::AppAccountDataStorage>&, unsigned int const&)";
        "OHOS::AccountSA::AppAccountControlManager::DeleteAccountInfoFromDataStorage(OHOS::AccountSA::AppAccountInfo&, std::__h::shared_ptr<OHOS::AccountSA::AppAccountDataStorage>&, unsigned int const&)";
        "OHOS::AccountSA::AppAccountControlManager::EnableAppAccess(std::__1::basic_string<char, std::__1::char_traits<char>, std::__1::allocator<char> > const&, std::__1::basic_string<char, std::__1::char_traits<char>, std::__1::allocator<char> > const&, OHOS::AccountSA::AppAccountCallingInfo&, OHOS::AccountSA::AppAccountInfo&, unsigned int)";
        "OHOS::AccountSA::AppAccountControlManager::EnableAppAccess(std::__h::basic_string<char, std::__h::char_traits<char>, std::__h::allocator<char> > const&, std::__h::basic_string<char, std::__h::char_traits<char>, std::__h::allocator<char> > const&, OHOS::AccountSA::AppAccountCallingInfo&, OHOS::AccountSA::AppAccountInfo&, unsigned int)";
        "OHOS::AccountSA::AppAccountControlManager::GetAccountInfoFromDataStorage(OHOS::AccountSA::AppAccountInfo&, std::__1::shared_ptr<OHOS::AccountSA::AppAccountDataStorage>&)";
        "OHOS::AccountSA::AppAccountControlManager::GetAccountInfoFromDataStorage(OHOS::AccountSA::AppAccountInfo&, std::__h::shared_ptr<OHOS::AccountSA::AppAccountDataStorage>&)";
        "OHOS::AccountSA::AppAccountControlManager::GetAllAccessibleAccountsFromDataStorage(std::__1::vector<OHOS::AccountSA::AppAccountInfo, std::__1::allocator<OHOS::AccountSA::AppAccountInfo> >&, std::__1::basic_string<char, std::__1::char_traits<char>, std::__1::allocator<char> > const&, std::__1::shared_ptr<OHOS::AccountSA::AppAccountDataStorage> const&, unsigned int const&)";
        "OHOS::AccountSA::AppAccountControlManager::GetAllAccessibleAccountsFromDataStorage(std::__h::vector<OHOS::AccountSA::AppAccountInfo, std::__h::allocator<OHOS::AccountSA::AppAccountInfo> >&, std::__h::basic_string<char, std::__h::char_traits<char>, std::__h::allocator<char> > const&, std::__h::shared_ptr<OHOS::AccountSA::AppAccountDataStorage> const&, unsigned int const&)";
        "OHOS::AccountSA::AppAccountControlManager::GetAllAccountsFromDataStorage(std::__1::basic_string<char, std::__1::char_traits<char>, std::__1::allocator<char> > const&, std::__1::vector<OHOS::AccountSA::AppAccountInfo, std::__1::allocator<OHOS::AccountSA::AppAccountInfo> >&, std::__1::basic_string<char, std::__1::char_traits<char>, std::__1::allocator<char> > const&, std::__1::shared_ptr<OHOS::AccountSA::AppAccountDataStorage> const&)";
        "OHOS::AccountSA::AppAccountControlManager::GetAllAccountsFromDataStorage(std::__h::basic_string<char, std::__h::char_traits<char>, std::__h::allocator<char> > const&, std::__h::vector<OHOS::AccountSA::AppAccountInfo, std::__h::allocator<OHOS::AccountSA::AppAccountInfo> >&, std::__h::basic_string<char, std::__h::char_traits<char>, std::__h::allocator<char> > const&, std::__h::shared_ptr<OHOS::AccountSA::AppAccountDataStorage> const&)";
        "OHOS::AccountSA::AppAccountControlManager::GetAllOAuthTokens(OHOS::AccountSA::AuthenticatorSessionRequest const&, std::__1::vector<OHOS::AccountSA::OAuthTokenInfo, std::__1::allocator<OHOS::AccountSA::OAuthTokenInfo> >&)";
        "OHOS::AccountSA::AppAccountControlManager::GetAllOAuthTokens(OHOS::AccountSA::AuthenticatorSessionRequest const&, std::__h::vector<OHOS::AccountSA::OAuthTokenInfo, std::__h::allocator<OHOS::AccountSA::OAuthTokenInfo> >&)";
        "OHOS::AccountSA::AppAccountControlManager::GetDataStorage(unsigned int const&, bool const&)";
        "OHOS::AccountSA::AppAccountControlManager::NeedSyncDataStorage(OHOS::AccountSA::AppAccountInfo const&)";
        "OHOS::AccountSA::AppAccountControlManager::OnAbilityStateChanged(OHOS::AppExecFwk::AbilityStateData const&)";
        "OHOS::AccountSA::AppAccountControlManager::RemoveAuthorizedAccount(std::__1::basic_string<char, std::__1::char_traits<char>, std::__1::allocator<char> > const&, OHOS::AccountSA::AppAccountInfo&, std::__1::shared_ptr<OHOS::AccountSA::AppAccountDataStorage> const&, unsigned int const&)";
        "OHOS::AccountSA::AppAccountControlManager::RemoveAuthorizedAccount(std::__h::basic_string<char, std::__h::char_traits<char>, std::__h::allocator<char> > const&, OHOS::AccountSA::AppAccountInfo&, std::__h::shared_ptr<OHOS::AccountSA::AppAccountDataStorage> const&, unsigned int const&)";
        "OHOS::AccountSA::AppAccountControlManager::RemoveAuthorizedAccountFromDataStorage(std::__1::basic_string<char, std::__1::char_traits<char>, std::__1::allocator<char> > const&, OHOS::AccountSA::AppAccountInfo&, std::__1::shared_ptr<OHOS::AccountSA::AppAccountDataStorage> const&)";
        "OHOS::AccountSA::AppAccountControlManager::RemoveAuthorizedAccountFromDataStorage(std::__h::basic_string<char, std::__h::char_traits<char>, std::__h::allocator<char> > const&, OHOS::AccountSA::AppAccountInfo&, std::__h::shared_ptr<OHOS::AccountSA::AppAccountDataStorage> const&)";
        "OHOS::AccountSA::AppAccountControlManager::SaveAccountInfoIntoDataStorage(OHOS::AccountSA::AppAccountInfo&, std::__1::shared_ptr<OHOS::AccountSA::AppAccountDataStorage> const&, unsigned int const&)";
        "OHOS::AccountSA::AppAccountControlManager::SaveAccountInfoIntoDataStorage(OHOS::AccountSA::AppAccountInfo&, std::__h::shared_ptr<OHOS::AccountSA::AppAccountDataStorage> const&, unsigned int const&)";
        "OHOS::AccountSA::AppAccountControlManager::SaveAuthorizedAccount(std::__1::basic_string<char, std::__1::char_traits<char>, std::__1::allocator<char> > const&, OHOS::AccountSA::AppAccountInfo&, std::__1::shared_ptr<OHOS::AccountSA::AppAccountDataStorage> const&, unsigned int const&)";
        "OHOS::AccountSA::AppAccountControlManager::SaveAuthorizedAccount(std::__h::basic_string<char, std::__h::char_traits<char>, std::__h::allocator<char> > const&, OHOS::AccountSA::AppAccountInfo&, std::__h::shared_ptr<OHOS::AccountSA::AppAccountDataStorage> const&, unsigned int const&)";
        "OHOS::AccountSA::AppAccountControlManager::SaveAuthorizedAccountIntoDataStorage(std::__1::basic_string<char, std::__1::char_traits<char>, std::__1::allocator<char> > const&, OHOS::AccountSA::AppAccountInfo&, std::__1::shared_ptr<OHOS::AccountSA::AppAccountDataStorage> const&)";
        "OHOS::AccountSA::AppAccountControlManager::SaveAuthorizedAccountIntoDataStorage(std::__h::basic_string<char, std::__h::char_traits<char>, std::__h::allocator<char> > const&, OHOS::AccountSA::AppAccountInfo&, std::__h::shared_ptr<OHOS::AccountSA::AppAccountDataStorage> const&)";
        "OHOS::AccountSA::AppAccountDataStorage::AddAccountInfoIntoDataStorage(OHOS::AccountSA::AppAccountInfo&)";
        "OHOS::AccountSA::AppAccountDataStorage::AppAccountDataStorage(std::__1::basic_string<char, std::__1::char_traits<char>, std::__1::allocator<char> > const&, bool const&)";
        "OHOS::AccountSA::AppAccountDataStorage::AppAccountDataStorage(std::__h::basic_string<char, std::__h::char_traits<char>, std::__h::allocator<char> > const&, bool const&)";
        "OHOS::AccountSA::AppAccountDataStorage::AUTHORIZED_ACCOUNTS";
        "OHOS::AccountSA::AppAccountDataStorage::GetAccessibleAccountsFromDataStorage(std::__1::basic_string<char, std::__1::char_traits<char>, std::__1::allocator<char> > const&, std::__1::vector<std::__1::basic_string<char, std::__1::char_traits<char>, std::__1::allocator<char> >, std::__1::allocator<std::__1::basic_string<char, std::__1::char_traits<char>, std::__1::allocator<char> > > >&)";
        "OHOS::AccountSA::AppAccountDataStorage::GetAccessibleAccountsFromDataStorage(std::__h::basic_string<char, std::__h::char_traits<char>, std::__h::allocator<char> > const&, std::__h::vector<std::__h::basic_string<char, std::__h::char_traits<char>, std::__h::allocator<char> >, std::__h::allocator<std::__h::basic_string<char, std::__h::char_traits<char>, std::__h::allocator<char> > > >&)";
        "OHOS::AccountSA::AppAccountManagerService::AppAccountManagerService()";
        "OHOS::AccountSA::AppAccountManagerService::GetBundleNameAndCheckPerm(int&, std::__1::basic_string<char, std::__1::char_traits<char>, std::__1::allocator<char> >&, std::__1::basic_string<char, std::__1::char_traits<char>, std::__1::allocator<char> > const&)";
        "OHOS::AccountSA::AppAccountManagerService::GetBundleNameAndCheckPerm(int&, std::__h::basic_string<char, std::__h::char_traits<char>, std::__h::allocator<char> >&, std::__h::basic_string<char, std::__h::char_traits<char>, std::__h::allocator<char> > const&)";
        "OHOS::AccountSA::AppAccountManagerService::GetCallingInfo(int&, std::__1::basic_string<char, std::__1::char_traits<char>, std::__1::allocator<char> >&, unsigned int&)";
        "OHOS::AccountSA::AppAccountManagerService::GetCallingInfo(int&, std::__h::basic_string<char, std::__h::char_traits<char>, std::__h::allocator<char> >&, unsigned int&)";
        "OHOS::AccountSA::AppAccountManagerService::~AppAccountManagerService()";
        "OHOS::AccountSA::AppAccountSubscribeManager*";
        "OHOS::AccountSA::AppAccountSubscribeManager::AppAccountSubscribeManager()";
        "OHOS::AccountSA::AppAccountSubscribeManager::CheckAppAccess(std::__1::shared_ptr<OHOS::AccountSA::AppAccountSubscribeInfo> const&, unsigned int const&, std::__1::basic_string<char, std::__1::char_traits<char>, std::__1::allocator<char> > const&, unsigned int const&)";
        "OHOS::AccountSA::AppAccountSubscribeManager::CheckAppAccess(std::__h::shared_ptr<OHOS::AccountSA::AppAccountSubscribeInfo> const&, unsigned int const&, std::__h::basic_string<char, std::__h::char_traits<char>, std::__h::allocator<char> > const&, unsigned int const&)";
        "OHOS::AccountSA::AppAccountSubscribeManager::GetAccessibleAccountsBySubscribeInfo(std::__1::shared_ptr<OHOS::AccountSA::AppAccountSubscribeInfo> const&, std::__1::vector<OHOS::AccountSA::AppAccountInfo, std::__1::allocator<OHOS::AccountSA::AppAccountInfo> > const&, std::__1::vector<OHOS::AccountSA::AppAccountInfo, std::__1::allocator<OHOS::AccountSA::AppAccountInfo> >&)";
        "OHOS::AccountSA::AppAccountSubscribeManager::GetAccessibleAccountsBySubscribeInfo(std::__h::shared_ptr<OHOS::AccountSA::AppAccountSubscribeInfo> const&, std::__h::vector<OHOS::AccountSA::AppAccountInfo, std::__h::allocator<OHOS::AccountSA::AppAccountInfo> > const&, std::__h::vector<OHOS::AccountSA::AppAccountInfo, std::__h::allocator<OHOS::AccountSA::AppAccountInfo> >&)";
        "OHOS::AccountSA::AppAccountSubscribeManager::InsertSubscribeRecord(std::__1::vector<std::__1::basic_string<char, std::__1::char_traits<char>, std::__1::allocator<char> >, std::__1::allocator<std::__1::basic_string<char, std::__1::char_traits<char>, std::__1::allocator<char> > > > const&, std::__1::shared_ptr<OHOS::AccountSA::AppAccountSubscribeRecord> const&)";
        "OHOS::AccountSA::AppAccountSubscribeManager::InsertSubscribeRecord(std::__h::vector<std::__h::basic_string<char, std::__h::char_traits<char>, std::__h::allocator<char> >, std::__h::allocator<std::__h::basic_string<char, std::__h::char_traits<char>, std::__h::allocator<char> > > > const&, std::__h::shared_ptr<OHOS::AccountSA::AppAccountSubscribeRecord> const&)";
        "OHOS::AccountSA::AppAccountSubscribeManager::RemoveSubscribeRecord(OHOS::sptr<OHOS::IRemoteObject> const&)";
        "OHOS::AccountSA::AppAccountSubscribeManager::SubscribeAppAccount(std::__1::shared_ptr<OHOS::AccountSA::AppAccountSubscribeInfo> const&, OHOS::sptr<OHOS::IRemoteObject> const&, unsigned int const&, std::__1::basic_string<char, std::__1::char_traits<char>, std::__1::allocator<char> > const&, unsigned int const&)";
        "OHOS::AccountSA::AppAccountSubscribeManager::SubscribeAppAccount(std::__h::shared_ptr<OHOS::AccountSA::AppAccountSubscribeInfo> const&, OHOS::sptr<OHOS::IRemoteObject> const&, unsigned int const&, std::__h::basic_string<char, std::__h::char_traits<char>, std::__h::allocator<char> > const&, unsigned int const&)";
        "OHOS::AccountSA::AuthCallback::AuthCallback(unsigned int, OHOS::UserIam::UserAuth::AuthType, OHOS::sptr<OHOS::AccountSA::IIDMCallback> const&)";
        "OHOS::AccountSA::DelCredCallback::DelCredCallback(int, unsigned long long, std::__1::vector<unsigned char, std::__1::allocator<unsigned char> > const&, OHOS::sptr<OHOS::AccountSA::IIDMCallback> const&)";
        "OHOS::AccountSA::DelCredCallback::DelCredCallback(int, unsigned long long, std::__h::vector<unsigned char, std::__h::allocator<unsigned char> > const&, OHOS::sptr<OHOS::AccountSA::IIDMCallback> const&)";
        "OHOS::AccountSA::DelCredCallback::DelCredCallback(int, unsigned long, std::__1::vector<unsigned char, std::__1::allocator<unsigned char> > const&, OHOS::sptr<OHOS::AccountSA::IIDMCallback> const&)";
        "OHOS::AccountSA::DelCredCallback::DelCredCallback(int, unsigned long, std::__h::vector<unsigned char, std::__h::allocator<unsigned char> > const&, OHOS::sptr<OHOS::AccountSA::IIDMCallback> const&)";
        "OHOS::AccountSA::GetCredInfoCallbackWrapper::GetCredInfoCallbackWrapper(int, int, OHOS::sptr<OHOS::AccountSA::IGetCredInfoCallback> const&)";
        "OHOS::AccountSA::GetPropCallbackWrapper::GetPropCallbackWrapper(OHOS::sptr<OHOS::AccountSA::IGetSetPropCallback> const&";
        "OHOS::AccountSA::GetPropCallbackWrapper::GetPropCallbackWrapper(OHOS::sptr<OHOS::AccountSA::IGetSetPropCallback> const&)";
        "OHOS::AccountSA::GetValidAccountID(std::__1::basic_string<char, std::__1::char_traits<char>, std::__1::allocator<char> > const&, int&)";
        "OHOS::AccountSA::GetValidAccountID(std::__h::basic_string<char, std::__h::char_traits<char>, std::__h::allocator<char> > const&, int&)";
        "OHOS::AccountSA::IAccountContext::instance_";
        "OHOS::AccountSA::IDMAuthCallback::IDMAuthCallback(unsigned int, OHOS::UserIam::UserAuth::CredentialParameters const&, int, OHOS::UserIam::UserAuth::Attributes const&, OHOS::sptr<OHOS::AccountSA::IIDMCallback> const&)";
        "OHOS::AccountSA::IInnerOsAccountManager::AddLocalIdToOperating(int)";
        "OHOS::AccountSA::IInnerOsAccountManager::CleanGarbageAccounts()";
        "OHOS::AccountSA::IInnerOsAccountManager::CreateBaseAdminAccount()";
        "OHOS::AccountSA::IInnerOsAccountManager::CreateBaseStandardAccount()";
        "OHOS::AccountSA::IInnerOsAccountManager::CreateBaseStandardAccountSendToOther()";
        "OHOS::AccountSA::IInnerOsAccountManager::DeActivateOsAccount(int)";
        "OHOS::AccountSA::IInnerOsAccountManager::EraseIdFromActiveList(int)";
        "OHOS::AccountSA::IInnerOsAccountManager::GetEventHandler()";
        "OHOS::AccountSA::IInnerOsAccountManager::IInnerOsAccountManager()";
        "OHOS::AccountSA::IInnerOsAccountManager::IsLocalIdInOperating(int)";
        "OHOS::AccountSA::IInnerOsAccountManager::IsOsAccountIDInActiveList(int)";
        "OHOS::AccountSA::IInnerOsAccountManager::PrepareOsAccountInfo(std::__1::basic_string<char, std::__1::char_traits<char>, std::__1::allocator<char> > const&, OHOS::AccountSA::OsAccountType const&, OHOS::AccountSA::DomainAccountInfo const&, OHOS::AccountSA::OsAccountInfo&)";
        "OHOS::AccountSA::IInnerOsAccountManager::PrepareOsAccountInfo(std::__h::basic_string<char, std::__h::char_traits<char>, std::__h::allocator<char> > const&, OHOS::AccountSA::OsAccountType const&, OHOS::AccountSA::DomainAccountInfo const&, OHOS::AccountSA::OsAccountInfo&)";
        "OHOS::AccountSA::IInnerOsAccountManager::PushIdIntoActiveList(int)";
        "OHOS::AccountSA::IInnerOsAccountManager::RemoveLocalIdToOperating(int)";
        "OHOS::AccountSA::IInnerOsAccountManager::ResetAccountStatus()";
        "OHOS::AccountSA::IInnerOsAccountManager::ResetActiveStatus()";
        "OHOS::AccountSA::IInnerOsAccountManager::RestartActiveAccount()";
        "OHOS::AccountSA::IInnerOsAccountManager::SendMsgForAccountActivate(OHOS::AccountSA::OsAccountInfo&)";
        "OHOS::AccountSA::IInnerOsAccountManager::SendMsgForAccountCreate(OHOS::AccountSA::OsAccountInfo&)";
        "OHOS::AccountSA::IInnerOsAccountManager::SendMsgForAccountRemove(OHOS::AccountSA::OsAccountInfo&)";
        "OHOS::AccountSA::IInnerOsAccountManager::SetOsAccountControl(std::__1::shared_ptr<OHOS::AccountSA::IOsAccountControl>)";
        "OHOS::AccountSA::IInnerOsAccountManager::SetOsAccountControl(std::__h::shared_ptr<OHOS::AccountSA::IOsAccountControl>)";
        "OHOS::AccountSA::IInnerOsAccountManager::StartAccount()";
        "OHOS::AccountSA::IInnerOsAccountManager::StartActivatedAccount(int)";
        "OHOS::AccountSA::IInnerOsAccountManager::StartBaseStandardAccount()";
        "OHOS::AccountSA::InnerAppAccountManager::AddAccount(std::__1::basic_string<char, std::__1::char_traits<char>, std::__1::allocator<char> > const&, std::__1::basic_string<char, std::__1::char_traits<char>, std::__1::allocator<char> > const&, unsigned int const&, std::__1::basic_string<char, std::__1::char_traits<char>, std::__1::allocator<char> > const&, unsigned int const&)";
        "OHOS::AccountSA::InnerAppAccountManager::AddAccount(std::__h::basic_string<char, std::__h::char_traits<char>, std::__h::allocator<char> > const&, std::__h::basic_string<char, std::__h::char_traits<char>, std::__h::allocator<char> > const&, unsigned int const&, std::__h::basic_string<char, std::__h::char_traits<char>, std::__h::allocator<char> > const&, unsigned int const&)";
        "OHOS::AccountSA::InnerAppAccountManager::AddAccountImplicitly(OHOS::AccountSA::AuthenticatorSessionRequest const&)";
        "OHOS::AccountSA::InnerAppAccountManager::Authenticate(OHOS::AccountSA::AuthenticatorSessionRequest const&)";
        "OHOS::AccountSA::InnerAppAccountManager::CheckAccountLabels(OHOS::AccountSA::AuthenticatorSessionRequest const&)";
        "OHOS::AccountSA::InnerAppAccountManager::CheckAppAccess(std::__1::basic_string<char, std::__1::char_traits<char>, std::__1::allocator<char> > const&, std::__1::basic_string<char, std::__1::char_traits<char>, std::__1::allocator<char> > const&, bool&, OHOS::AccountSA::AppAccountCallingInfo const&)";
        "OHOS::AccountSA::InnerAppAccountManager::CheckAppAccess(std::__h::basic_string<char, std::__h::char_traits<char>, std::__h::allocator<char> > const&, std::__h::basic_string<char, std::__h::char_traits<char>, std::__h::allocator<char> > const&, bool&, OHOS::AccountSA::AppAccountCallingInfo const&)";
        "OHOS::AccountSA::InnerAppAccountManager::CheckAppAccountSyncEnable(std::__1::basic_string<char, std::__1::char_traits<char>, std::__1::allocator<char> > const&, bool&, unsigned int const&, std::__1::basic_string<char, std::__1::char_traits<char>, std::__1::allocator<char> > const&, unsigned int const&)";
        "OHOS::AccountSA::InnerAppAccountManager::CheckAppAccountSyncEnable(std::__h::basic_string<char, std::__h::char_traits<char>, std::__h::allocator<char> > const&, bool&, unsigned int const&, std::__h::basic_string<char, std::__h::char_traits<char>, std::__h::allocator<char> > const&, unsigned int const&)";
        "OHOS::AccountSA::InnerAppAccountManager::CheckOAuthTokenVisibility(OHOS::AccountSA::AuthenticatorSessionRequest const&, bool&, unsigned int)";
        "OHOS::AccountSA::InnerAppAccountManager::CreateAccount(std::__1::basic_string<char, std::__1::char_traits<char>, std::__1::allocator<char> > const&, OHOS::AccountSA::CreateAccountOptions const&, unsigned int const&, std::__1::basic_string<char, std::__1::char_traits<char>, std::__1::allocator<char> > const&, unsigned int const&)";
        "OHOS::AccountSA::InnerAppAccountManager::CreateAccount(std::__h::basic_string<char, std::__h::char_traits<char>, std::__h::allocator<char> > const&, OHOS::AccountSA::CreateAccountOptions const&, unsigned int const&, std::__h::basic_string<char, std::__h::char_traits<char>, std::__h::allocator<char> > const&, unsigned int const&)";
        "OHOS::AccountSA::InnerAppAccountManager::CreateAccountImplicitly(OHOS::AccountSA::AuthenticatorSessionRequest const&)";
        "OHOS::AccountSA::InnerAppAccountManager::DeleteAccount(std::__1::basic_string<char, std::__1::char_traits<char>, std::__1::allocator<char> > const&, unsigned int const&, std::__1::basic_string<char, std::__1::char_traits<char>, std::__1::allocator<char> > const&, unsigned int const&)";
        "OHOS::AccountSA::InnerAppAccountManager::DeleteAccount(std::__h::basic_string<char, std::__h::char_traits<char>, std::__h::allocator<char> > const&, unsigned int const&, std::__h::basic_string<char, std::__h::char_traits<char>, std::__h::allocator<char> > const&, unsigned int const&)";
        "OHOS::AccountSA::InnerAppAccountManager::DeleteAccountCredential(std::__1::basic_string<char, std::__1::char_traits<char>, std::__1::allocator<char> > const&, std::__1::basic_string<char, std::__1::char_traits<char>, std::__1::allocator<char> > const&, unsigned int const&, std::__1::basic_string<char, std::__1::char_traits<char>, std::__1::allocator<char> > const&, unsigned int const&)";
        "OHOS::AccountSA::InnerAppAccountManager::DeleteAccountCredential(std::__h::basic_string<char, std::__h::char_traits<char>, std::__h::allocator<char> > const&, std::__h::basic_string<char, std::__h::char_traits<char>, std::__h::allocator<char> > const&, unsigned int const&, std::__h::basic_string<char, std::__h::char_traits<char>, std::__h::allocator<char> > const&, unsigned int const&)";
        "OHOS::AccountSA::InnerAppAccountManager::DeleteOAuthToken(OHOS::AccountSA::AuthenticatorSessionRequest const&, unsigned int)";
        "OHOS::AccountSA::InnerAppAccountManager::DisableAppAccess(std::__1::basic_string<char, std::__1::char_traits<char>, std::__1::allocator<char> > const&, std::__1::basic_string<char, std::__1::char_traits<char>, std::__1::allocator<char> > const&, OHOS::AccountSA::AppAccountCallingInfo&, unsigned int)";
        "OHOS::AccountSA::InnerAppAccountManager::DisableAppAccess(std::__h::basic_string<char, std::__h::char_traits<char>, std::__h::allocator<char> > const&, std::__h::basic_string<char, std::__h::char_traits<char>, std::__h::allocator<char> > const&, OHOS::AccountSA::AppAccountCallingInfo&, unsigned int)";
        "OHOS::AccountSA::InnerAppAccountManager::EnableAppAccess(std::__1::basic_string<char, std::__1::char_traits<char>, std::__1::allocator<char> > const&, std::__1::basic_string<char, std::__1::char_traits<char>, std::__1::allocator<char> > const&, OHOS::AccountSA::AppAccountCallingInfo&, unsigned int)";
        "OHOS::AccountSA::InnerAppAccountManager::EnableAppAccess(std::__h::basic_string<char, std::__h::char_traits<char>, std::__h::allocator<char> > const&, std::__h::basic_string<char, std::__h::char_traits<char>, std::__h::allocator<char> > const&, OHOS::AccountSA::AppAccountCallingInfo&, unsigned int)";
        "OHOS::AccountSA::InnerAppAccountManager::GetAccountCredential(std::__1::basic_string<char, std::__1::char_traits<char>, std::__1::allocator<char> > const&, std::__1::basic_string<char, std::__1::char_traits<char>, std::__1::allocator<char> > const&, std::__1::basic_string<char, std::__1::char_traits<char>, std::__1::allocator<char> >&, OHOS::AccountSA::AppAccountCallingInfo const&)";
        "OHOS::AccountSA::InnerAppAccountManager::GetAccountCredential(std::__h::basic_string<char, std::__h::char_traits<char>, std::__h::allocator<char> > const&, std::__h::basic_string<char, std::__h::char_traits<char>, std::__h::allocator<char> > const&, std::__h::basic_string<char, std::__h::char_traits<char>, std::__h::allocator<char> >&, OHOS::AccountSA::AppAccountCallingInfo const&)";
        "OHOS::AccountSA::InnerAppAccountManager::GetAccountExtraInfo(std::__1::basic_string<char, std::__1::char_traits<char>, std::__1::allocator<char> > const&, std::__1::basic_string<char, std::__1::char_traits<char>, std::__1::allocator<char> >&, unsigned int const&, std::__1::basic_string<char, std::__1::char_traits<char>, std::__1::allocator<char> > const&, unsigned int const&)";
        "OHOS::AccountSA::InnerAppAccountManager::GetAccountExtraInfo(std::__h::basic_string<char, std::__h::char_traits<char>, std::__h::allocator<char> > const&, std::__h::basic_string<char, std::__h::char_traits<char>, std::__h::allocator<char> >&, unsigned int const&, std::__h::basic_string<char, std::__h::char_traits<char>, std::__h::allocator<char> > const&, unsigned int const&)";
        "OHOS::AccountSA::InnerAppAccountManager::GetAllAccessibleAccounts(std::__1::vector<OHOS::AccountSA::AppAccountInfo, std::__1::allocator<OHOS::AccountSA::AppAccountInfo> >&, unsigned int const&, std::__1::basic_string<char, std::__1::char_traits<char>, std::__1::allocator<char> > const&, unsigned int const&)";
        "OHOS::AccountSA::InnerAppAccountManager::GetAllAccessibleAccounts(std::__h::vector<OHOS::AccountSA::AppAccountInfo, std::__h::allocator<OHOS::AccountSA::AppAccountInfo> >&, unsigned int const&, std::__h::basic_string<char, std::__h::char_traits<char>, std::__h::allocator<char> > const&, unsigned int const&)";
        "OHOS::AccountSA::InnerAppAccountManager::GetAllAccounts(std::__1::basic_string<char, std::__1::char_traits<char>, std::__1::allocator<char> > const&, std::__1::vector<OHOS::AccountSA::AppAccountInfo, std::__1::allocator<OHOS::AccountSA::AppAccountInfo> >&, unsigned int const&, std::__1::basic_string<char, std::__1::char_traits<char>, std::__1::allocator<char> > const&, unsigned int const&)";
        "OHOS::AccountSA::InnerAppAccountManager::GetAllAccounts(std::__h::basic_string<char, std::__h::char_traits<char>, std::__h::allocator<char> > const&, std::__h::vector<OHOS::AccountSA::AppAccountInfo, std::__h::allocator<OHOS::AccountSA::AppAccountInfo> >&, unsigned int const&, std::__h::basic_string<char, std::__h::char_traits<char>, std::__h::allocator<char> > const&, unsigned int const&)";
        "OHOS::AccountSA::InnerAppAccountManager::GetAllOAuthTokens(OHOS::AccountSA::AuthenticatorSessionRequest const&, std::__1::vector<OHOS::AccountSA::OAuthTokenInfo, std::__1::allocator<OHOS::AccountSA::OAuthTokenInfo> >&)";
        "OHOS::AccountSA::InnerAppAccountManager::GetAllOAuthTokens(OHOS::AccountSA::AuthenticatorSessionRequest const&, std::__h::vector<OHOS::AccountSA::OAuthTokenInfo, std::__h::allocator<OHOS::AccountSA::OAuthTokenInfo> >&)";
        "OHOS::AccountSA::InnerAppAccountManager::GetAssociatedData(std::__1::basic_string<char, std::__1::char_traits<char>, std::__1::allocator<char> > const&, std::__1::basic_string<char, std::__1::char_traits<char>, std::__1::allocator<char> > const&, std::__1::basic_string<char, std::__1::char_traits<char>, std::__1::allocator<char> >&, unsigned int const&)";
        "OHOS::AccountSA::InnerAppAccountManager::GetAssociatedData(std::__h::basic_string<char, std::__h::char_traits<char>, std::__h::allocator<char> > const&, std::__h::basic_string<char, std::__h::char_traits<char>, std::__h::allocator<char> > const&, std::__h::basic_string<char, std::__h::char_traits<char>, std::__h::allocator<char> >&, unsigned int const&)";
        "OHOS::AccountSA::InnerAppAccountManager::GetAuthenticatorCallback(OHOS::AccountSA::AuthenticatorSessionRequest const&, OHOS::sptr<OHOS::IRemoteObject>&)";
        "OHOS::AccountSA::InnerAppAccountManager::GetAuthenticatorInfo(OHOS::AccountSA::AuthenticatorSessionRequest const&, OHOS::AccountSA::AuthenticatorInfo&)";
        "OHOS::AccountSA::InnerAppAccountManager::GetOAuthList(OHOS::AccountSA::AuthenticatorSessionRequest const&, std::__1::set<std::__1::basic_string<char, std::__1::char_traits<char>, std::__1::allocator<char> >, std::__1::less<std::__1::basic_string<char, std::__1::char_traits<char>, std::__1::allocator<char> > >, std::__1::allocator<std::__1::basic_string<char, std::__1::char_traits<char>, std::__1::allocator<char> > > >&, unsigned int)";
        "OHOS::AccountSA::InnerAppAccountManager::GetOAuthList(OHOS::AccountSA::AuthenticatorSessionRequest const&, std::__h::set<std::__h::basic_string<char, std::__h::char_traits<char>, std::__h::allocator<char> >, std::__h::less<std::__h::basic_string<char, std::__h::char_traits<char>, std::__h::allocator<char> > >, std::__h::allocator<std::__h::basic_string<char, std::__h::char_traits<char>, std::__h::allocator<char> > > >&, unsigned int)";
        "OHOS::AccountSA::InnerAppAccountManager::GetOAuthToken(OHOS::AccountSA::AuthenticatorSessionRequest const&, std::__1::basic_string<char, std::__1::char_traits<char>, std::__1::allocator<char> >&, unsigned int)";
        "OHOS::AccountSA::InnerAppAccountManager::GetOAuthToken(OHOS::AccountSA::AuthenticatorSessionRequest const&, std::__h::basic_string<char, std::__h::char_traits<char>, std::__h::allocator<char> >&, unsigned int)";
        "OHOS::AccountSA::InnerAppAccountManager::InnerAppAccountManager()";
        "OHOS::AccountSA::InnerAppAccountManager::OnPackageRemoved(unsigned int const&, std::__1::basic_string<char, std::__1::char_traits<char>, std::__1::allocator<char> > const&, unsigned int const&)";
        "OHOS::AccountSA::InnerAppAccountManager::OnPackageRemoved(unsigned int const&, std::__h::basic_string<char, std::__h::char_traits<char>, std::__h::allocator<char> > const&, unsigned int const&)";
        "OHOS::AccountSA::InnerAppAccountManager::OnUserRemoved(int)";
        "OHOS::AccountSA::InnerAppAccountManager::SelectAccountsByOptions(OHOS::AccountSA::SelectAccountsOptions const&, OHOS::sptr<OHOS::AccountSA::IAppAccountAuthenticatorCallback> const&, unsigned int const&, std::__1::basic_string<char, std::__1::char_traits<char>, std::__1::allocator<char> > const&, unsigned int const&)";
        "OHOS::AccountSA::InnerAppAccountManager::SelectAccountsByOptions(OHOS::AccountSA::SelectAccountsOptions const&, OHOS::sptr<OHOS::AccountSA::IAppAccountAuthenticatorCallback> const&, unsigned int const&, std::__h::basic_string<char, std::__h::char_traits<char>, std::__h::allocator<char> > const&, unsigned int const&)";
        "OHOS::AccountSA::InnerAppAccountManager::SetAccountCredential(std::__1::basic_string<char, std::__1::char_traits<char>, std::__1::allocator<char> > const&, std::__1::basic_string<char, std::__1::char_traits<char>, std::__1::allocator<char> > const&, std::__1::basic_string<char, std::__1::char_traits<char>, std::__1::allocator<char> > const&, OHOS::AccountSA::AppAccountCallingInfo const&)";
        "OHOS::AccountSA::InnerAppAccountManager::SetAccountCredential(std::__h::basic_string<char, std::__h::char_traits<char>, std::__h::allocator<char> > const&, std::__h::basic_string<char, std::__h::char_traits<char>, std::__h::allocator<char> > const&, std::__h::basic_string<char, std::__h::char_traits<char>, std::__h::allocator<char> > const&, OHOS::AccountSA::AppAccountCallingInfo const&)";
        "OHOS::AccountSA::InnerAppAccountManager::SetAccountExtraInfo(std::__1::basic_string<char, std::__1::char_traits<char>, std::__1::allocator<char> > const&, std::__1::basic_string<char, std::__1::char_traits<char>, std::__1::allocator<char> > const&, unsigned int const&, std::__1::basic_string<char, std::__1::char_traits<char>, std::__1::allocator<char> > const&, unsigned int const&)";
        "OHOS::AccountSA::InnerAppAccountManager::SetAccountExtraInfo(std::__h::basic_string<char, std::__h::char_traits<char>, std::__h::allocator<char> > const&, std::__h::basic_string<char, std::__h::char_traits<char>, std::__h::allocator<char> > const&, unsigned int const&, std::__h::basic_string<char, std::__h::char_traits<char>, std::__h::allocator<char> > const&, unsigned int const&)";
        "OHOS::AccountSA::InnerAppAccountManager::SetAppAccountSyncEnable(std::__1::basic_string<char, std::__1::char_traits<char>, std::__1::allocator<char> > const&, bool const&, unsigned int const&, std::__1::basic_string<char, std::__1::char_traits<char>, std::__1::allocator<char> > const&, unsigned int const&)";
        "OHOS::AccountSA::InnerAppAccountManager::SetAppAccountSyncEnable(std::__h::basic_string<char, std::__h::char_traits<char>, std::__h::allocator<char> > const&, bool const&, unsigned int const&, std::__h::basic_string<char, std::__h::char_traits<char>, std::__h::allocator<char> > const&, unsigned int const&)";
        "OHOS::AccountSA::InnerAppAccountManager::SetAssociatedData(std::__1::basic_string<char, std::__1::char_traits<char>, std::__1::allocator<char> > const&, std::__1::basic_string<char, std::__1::char_traits<char>, std::__1::allocator<char> > const&, std::__1::basic_string<char, std::__1::char_traits<char>, std::__1::allocator<char> > const&, OHOS::AccountSA::AppAccountCallingInfo const&)";
        "OHOS::AccountSA::InnerAppAccountManager::SetAssociatedData(std::__h::basic_string<char, std::__h::char_traits<char>, std::__h::allocator<char> > const&, std::__h::basic_string<char, std::__h::char_traits<char>, std::__h::allocator<char> > const&, std::__h::basic_string<char, std::__h::char_traits<char>, std::__h::allocator<char> > const&, OHOS::AccountSA::AppAccountCallingInfo const&)";
        "OHOS::AccountSA::InnerAppAccountManager::SetAuthenticatorProperties(OHOS::AccountSA::AuthenticatorSessionRequest const&)";
        "OHOS::AccountSA::InnerAppAccountManager::SetOAuthToken(OHOS::AccountSA::AuthenticatorSessionRequest const&)";
        "OHOS::AccountSA::InnerAppAccountManager::SetOAuthTokenVisibility(OHOS::AccountSA::AuthenticatorSessionRequest const&, unsigned int)";
        "OHOS::AccountSA::InnerAppAccountManager::SubscribeAppAccount(OHOS::AccountSA::AppAccountSubscribeInfo const&, OHOS::sptr<OHOS::IRemoteObject> const&, unsigned int const&, std::__1::basic_string<char, std::__1::char_traits<char>, std::__1::allocator<char> > const&, unsigned int const&)";
        "OHOS::AccountSA::InnerAppAccountManager::SubscribeAppAccount(OHOS::AccountSA::AppAccountSubscribeInfo const&, OHOS::sptr<OHOS::IRemoteObject> const&, unsigned int const&, std::__h::basic_string<char, std::__h::char_traits<char>, std::__h::allocator<char> > const&, unsigned int const&)";
        "OHOS::AccountSA::InnerAppAccountManager::UnsubscribeAppAccount(OHOS::sptr<OHOS::IRemoteObject> const&)";
        "OHOS::AccountSA::InnerAppAccountManager::VerifyCredential(OHOS::AccountSA::AuthenticatorSessionRequest const&)";
        "OHOS::AccountSA::InnerAppAccountManager::~InnerAppAccountManager()";
        "OHOS::AccountSA::OhosAccountManager::GetAccountInfoByUserId(int, OHOS::AccountSA::AccountInfo&)";
        "OHOS::AccountSA::OhosAccountManager::GetCurrentOhosAccountState()";
        "OHOS::AccountSA::OhosAccountManager::HandleEvent(OHOS::AccountSA::AccountInfo&, std::__1::basic_string<char, std::__1::char_traits<char>, std::__1::allocator<char> > const&)";
        "OHOS::AccountSA::OhosAccountManager::HandleEvent(OHOS::AccountSA::AccountInfo&, std::__h::basic_string<char, std::__h::char_traits<char>, std::__h::allocator<char> > const&)";
        "OHOS::AccountSA::OhosAccountManager::HandleOhosAccountTokenInvalidEvent(OHOS::AccountSA::OhosAccountInfo const&, std::__1::basic_string<char, std::__1::char_traits<char>, std::__1::allocator<char> > const&)";
        "OHOS::AccountSA::OhosAccountManager::HandleOhosAccountTokenInvalidEvent(OHOS::AccountSA::OhosAccountInfo const&, std::__h::basic_string<char, std::__h::char_traits<char>, std::__h::allocator<char> > const&)";
        "OHOS::AccountSA::OhosAccountManager::LoginOhosAccount(OHOS::AccountSA::OhosAccountInfo const&, std::__1::basic_string<char, std::__1::char_traits<char>, std::__1::allocator<char> > const&)";
        "OHOS::AccountSA::OhosAccountManager::LoginOhosAccount(OHOS::AccountSA::OhosAccountInfo const&, std::__h::basic_string<char, std::__h::char_traits<char>, std::__h::allocator<char> > const&)";
        "OHOS::AccountSA::OhosAccountManager::LogoffOhosAccount(OHOS::AccountSA::OhosAccountInfo const&, std::__1::basic_string<char, std::__1::char_traits<char>, std::__1::allocator<char> > const&)";
        "OHOS::AccountSA::OhosAccountManager::LogoffOhosAccount(OHOS::AccountSA::OhosAccountInfo const&, std::__h::basic_string<char, std::__h::char_traits<char>, std::__h::allocator<char> > const&)";
        "OHOS::AccountSA::OhosAccountManager::LogoutOhosAccount(OHOS::AccountSA::OhosAccountInfo const&, std::__1::basic_string<char, std::__1::char_traits<char>, std::__1::allocator<char> > const&)";
        "OHOS::AccountSA::OhosAccountManager::LogoutOhosAccount(OHOS::AccountSA::OhosAccountInfo const&, std::__h::basic_string<char, std::__h::char_traits<char>, std::__h::allocator<char> > const&)";
        "OHOS::AccountSA::OhosAccountManager::OnInitialize()";
        "OHOS::AccountSA::OsAccountControlFileManager::BuildAndSaveBaseOAConstraintsJsonFile()";
        "OHOS::AccountSA::OsAccountControlFileManager::BuildAndSaveGlobalOAConstraintsJsonFile()";
        "OHOS::AccountSA::OsAccountControlFileManager::BuildAndSaveSpecificOAConstraintsJsonFile()";
        "OHOS::AccountSA::OsAccountControlFileManager::GetCreatedOsAccountNumFromDatabase(std::__1::basic_string<char, std::__1::char_traits<char>, std::__1::allocator<char> > const&, int&)";
        "OHOS::AccountSA::OsAccountControlFileManager::GetCreatedOsAccountNumFromDatabase(std::__h::basic_string<char, std::__h::char_traits<char>, std::__h::allocator<char> > const&, int&)";
        "OHOS::AccountSA::OsAccountControlFileManager::GetDeviceOwnerId(int&)";
        "OHOS::AccountSA::OsAccountControlFileManager::GetMaxAllowCreateIdFromDatabase(std::__1::basic_string<char, std::__1::char_traits<char>, std::__1::allocator<char> > const&, int&)";
        "OHOS::AccountSA::OsAccountControlFileManager::GetMaxAllowCreateIdFromDatabase(std::__h::basic_string<char, std::__h::char_traits<char>, std::__h::allocator<char> > const&, int&)";
        "OHOS::AccountSA::OsAccountControlFileManager::GetOsAccountFromDatabase(std::__1::basic_string<char, std::__1::char_traits<char>, std::__1::allocator<char> > const&, int, OHOS::AccountSA::OsAccountInfo&)";
        "OHOS::AccountSA::OsAccountControlFileManager::GetOsAccountFromDatabase(std::__h::basic_string<char, std::__h::char_traits<char>, std::__h::allocator<char> > const&, int, OHOS::AccountSA::OsAccountInfo&)";
        "OHOS::AccountSA::OsAccountControlFileManager::GetOsAccountListFromDatabase(std::__1::basic_string<char, std::__1::char_traits<char>, std::__1::allocator<char> > const&, std::__1::vector<OHOS::AccountSA::OsAccountInfo, std::__1::allocator<OHOS::AccountSA::OsAccountInfo> >&)";
        "OHOS::AccountSA::OsAccountControlFileManager::GetOsAccountListFromDatabase(std::__h::basic_string<char, std::__h::char_traits<char>, std::__h::allocator<char> > const&, std::__h::vector<OHOS::AccountSA::OsAccountInfo, std::__h::allocator<OHOS::AccountSA::OsAccountInfo> >&)";
        "OHOS::AccountSA::OsAccountControlFileManager::GetSerialNumberFromDatabase(std::__1::basic_string<char, std::__1::char_traits<char>, std::__1::allocator<char> > const&, long long&)";
        "OHOS::AccountSA::OsAccountControlFileManager::GetSerialNumberFromDatabase(std::__h::basic_string<char, std::__h::char_traits<char>, std::__h::allocator<char> > const&, long long&)";
        "OHOS::AccountSA::OsAccountControlFileManager::Init()";
        "OHOS::AccountSA::OsAccountControlFileManager::IsAllowedCreateAdmin(bool&)";
        "OHOS::AccountSA::OsAccountControlFileManager::IsFromBaseOAConstraintsList(int, std::__1::basic_string<char, std::__1::char_traits<char>, std::__1::allocator<char> >, bool&)";
        "OHOS::AccountSA::OsAccountControlFileManager::IsFromBaseOAConstraintsList(int, std::__h::basic_string<char, std::__h::char_traits<char>, std::__h::allocator<char> >, bool&)";
        "OHOS::AccountSA::OsAccountControlFileManager::IsOsAccountExists(int, bool&)";
        "OHOS::AccountSA::OsAccountControlFileManager::OsAccountControlFileManager()";
        "OHOS::AccountSA::OsAccountControlFileManager::RecoverAccountListJsonFile()";
        "OHOS::AccountSA::OsAccountControlFileManager::UpdateSpecificOAConstraints(std::__1::basic_string<char, std::__1::char_traits<char>, std::__1::allocator<char> > const&, std::__1::basic_string<char, std::__1::char_traits<char>, std::__1::allocator<char> > const&, std::__1::vector<std::__1::basic_string<char, std::__1::char_traits<char>, std::__1::allocator<char> >, std::__1::allocator<std::__1::basic_string<char, std::__1::char_traits<char>, std::__1::allocator<char> > > > const&, bool)";
        "OHOS::AccountSA::OsAccountControlFileManager::UpdateSpecificOAConstraints(std::__h::basic_string<char, std::__h::char_traits<char>, std::__h::allocator<char> > const&, std::__h::basic_string<char, std::__h::char_traits<char>, std::__h::allocator<char> > const&, std::__h::vector<std::__h::basic_string<char, std::__h::char_traits<char>, std::__h::allocator<char> >, std::__h::allocator<std::__h::basic_string<char, std::__h::char_traits<char>, std::__h::allocator<char> > > > const&, bool)";
        "OHOS::AccountSA::OsAccountControlFileManager::~OsAccountControlFileManager()";
        "OHOS::AccountSA::OsAccountDataStorage::OsAccountDataStorage(std::__1::basic_string<char, std::__1::char_traits<char>, std::__1::allocator<char> > const&, std::__1::basic_string<char, std::__1::char_traits<char>, std::__1::allocator<char> > const&, bool const&)";
        "OHOS::AccountSA::OsAccountDataStorage::OsAccountDataStorage(std::__h::basic_string<char, std::__h::char_traits<char>, std::__h::allocator<char> > const&, std::__h::basic_string<char, std::__h::char_traits<char>, std::__h::allocator<char> > const&, bool const&)";
        "OHOS::AccountSA::OsAccountManagerService::DumpOsAccountInfo(std::__1::vector<std::__1::basic_string<char, std::__1::char_traits<char>, std::__1::allocator<char> >, std::__1::allocator<std::__1::basic_string<char, std::__1::char_traits<char>, std::__1::allocator<char> > > >&)";
        "OHOS::AccountSA::OsAccountManagerService::DumpOsAccountInfo(std::__h::vector<std::__h::basic_string<char, std::__h::char_traits<char>, std::__h::allocator<char> >, std::__h::allocator<std::__h::basic_string<char, std::__h::char_traits<char>, std::__h::allocator<char> > > >&)";
        "OHOS::AccountSA::OsAccountManagerService::OsAccountManagerService()";
        "OHOS::AccountSA::OsAccountSubscribeManager::InsertSubscribeRecord(std::__1::shared_ptr<OHOS::AccountSA::OsSubscribeRecord> const&)";
        "OHOS::AccountSA::OsAccountSubscribeManager::InsertSubscribeRecord(std::__h::shared_ptr<OHOS::AccountSA::OsSubscribeRecord> const&)";
        "OHOS::AccountSA::OsAccountSubscribeManager::OsAccountSubscribeManager()";
        "OHOS::AccountSA::OsAccountSubscribeManager::RemoveSubscribeRecord(OHOS::sptr<OHOS::IRemoteObject> const&)";
        "OHOS::AccountSA::SessionAppStateObserver::OnAbilityStateChanged(OHOS::AppExecFwk::AbilityStateData const&)";
        "OHOS::AccountSA::SessionAppStateObserver::SessionAppStateObserver()";
        "OHOS::AccountSA::SessionConnection::SessionConnection(std::__1::basic_string<char, std::__1::char_traits<char>, std::__1::allocator<char> > const&)";
        "OHOS::AccountSA::SessionConnection::SessionConnection(std::__h::basic_string<char, std::__h::char_traits<char>, std::__h::allocator<char> > const&)";
        "OHOS::AccountSA::SessionServerDeathRecipient::OnRemoteDied(OHOS::wptr<OHOS::IRemoteObject> const&)";
        "OHOS::AccountSA::SessionServerDeathRecipient::SessionServerDeathRecipient(std::__1::basic_string<char, std::__1::char_traits<char>, std::__1::allocator<char> > const&)";
        "OHOS::AccountSA::SessionServerDeathRecipient::SessionServerDeathRecipient(std::__h::basic_string<char, std::__h::char_traits<char>, std::__h::allocator<char> > const&)";
        "OHOS::AccountSA::SetPropCallbackWrapper::SetPropCallbackWrapper(OHOS::sptr<OHOS::AccountSA::IGetSetPropCallback> const&)";
        "OHOS::AccountSA::UpdateCredCallback::UpdateCredCallback(unsigned int, OHOS::UserIam::UserAuth::CredentialParameters const&, OHOS::sptr<OHOS::AccountSA::IIDMCallback> const&)";
        "vtable for OHOS::AccountSA::AccountStub";
        "vtable for OHOS::AccountSA::AddCredCallback";
        "vtable for OHOS::AccountSA::AuthCallback";
        "vtable for OHOS::AccountSA::DelCredCallback";
        "vtable for OHOS::AccountSA::GetCredInfoCallbackWrapper";
        "vtable for OHOS::AccountSA::GetPropCallbackWrapper";
        "vtable for OHOS::AccountSA::IDMAuthCallback";
        "vtable for OHOS::AccountSA::OsAccountStopUserCallback";
        "vtable for OHOS::AccountSA::OsAccountSubscribeDeathRecipient";
        "vtable for OHOS::AccountSA::SessionServerDeathRecipient";
        "vtable for OHOS::AccountSA::SetPropCallbackWrapper";
        "vtable for OHOS::AccountSA::UpdateCredCallback";
        "VTT for OHOS::AccountSA::OsAccountStopUserCallback";
        "VTT for OHOS::AccountSA::SessionAppStateObserver";
        *OHOS::AccountSA::AbilityManagerAdapter*;
        *OHOS::AccountSA::BundleManagerAdapter*;
        *OHOS::AccountSA::InnerAccountIAMManager*;
        *OHOS::AccountSA::OsAccount*;
        *OHOS::AccountSA::OsAccountInterface*;
        *OHOS::AppExecFwk::IBundleMgr*;
    };
  local:
    *;
};