# Copyright (c) 2023 Huawei Device Co., Ltd.
# Licensed under the Apache License, Version 2.0 (the "License");
# you may not use this file except in compliance with the License.
# You may obtain a copy of the License at
#
# http://www.apache.org/licenses/LICENSE-2.0
#
# Unless required by applicable law or agreed to in writing, software
# distributed under the License is distributed on an "AS IS" BASIS,
# WITHOUT WARRANTIES OR CONDITIONS OF ANY KIND, either express or implied.
# See the License for the specific language governing permissions and
# limitations under the License.

1.0 {
  global:
    extern "C++" {
        "OHOS::AAFwk::UserCallbackStub::UserCallbackStub()";
        "OHOS::AccountSA::AccountDataStorage::AddAccountInfo(OHOS::AccountSA::IAccountInfo const&)";
        "OHOS::AccountSA::AccountDataStorage::CheckKvStore()";
        "OHOS::AccountSA::AccountDataStorage::DeleteKvStore()";
        "OHOS::AccountSA::AccountDataStorage::GetValueFromKvStore(std::__h::basic_string<char, std::__h::char_traits<char>, std::__h::allocator<char>> const&, std::__h::basic_string<char, std::__h::char_traits<char>, std::__h::allocator<char>>&)";
        "OHOS::AccountSA::AccountDataStorage::LoadAllData(std::__h::map<std::__h::basic_string<char, std::__h::char_traits<char>, std::__h::allocator<char>>, std::__h::shared_ptr<OHOS::AccountSA::IAccountInfo>, std::__h::less<std::__h::basic_string<char, std::__h::char_traits<char>, std::__h::allocator<char>>>, std::__h::allocator<std::__h::pair<std::__h::basic_string<char, std::__h::char_traits<char>, std::__h::allocator<char>> const, std::__h::shared_ptr<OHOS::AccountSA::IAccountInfo>>>>&)";
        "OHOS::AccountSA::AccountDataStorage::RemoveValueFromKvStore(std::__h::basic_string<char, std::__h::char_traits<char>, std::__h::allocator<char>> const&)";
        "OHOS::AccountSA::AccountDataStorage::SaveAccountInfo(OHOS::AccountSA::IAccountInfo const&)";
        "OHOS::AccountSA::AccountDumpHelper::AccountDumpHelper(std::__h::shared_ptr<OHOS::AccountSA::OhosAccountManager> const&, OHOS::AccountSA::OsAccountManagerService*)";
        "OHOS::AccountSA::AccountDumpHelper::Dump(std::__h::vector<std::__h::basic_string<char, std::__h::char_traits<char>, std::__h::allocator<char>>, std::__h::allocator<std::__h::basic_string<char, std::__h::char_traits<char>, std::__h::allocator<char>>>> const&, std::__h::basic_string<char, std::__h::char_traits<char>, std::__h::allocator<char>>&) const";
        "OHOS::AccountSA::AccountDumpHelper::AnonymizeNameStr(std::__h::basic_string<char, std::__h::char_traits<char>, std::__h::allocator<char>> const&) const";
        "OHOS::AccountSA::AccountDumpHelper::AnonymizeUidStr(std::__h::basic_string<char, std::__h::char_traits<char>, std::__h::allocator<char>> const&) const";
        "OHOS::AccountSA::AccountDumpHelper::ShowOhosAccountInfo(std::__h::basic_string<char, std::__h::char_traits<char>, std::__h::allocator<char>>&) const";
        "OHOS::AccountSA::AccountHelperData::GetAccountEventMap()";
        "OHOS::AccountSA::AccountIAMService::AccountIAMService()";
        "OHOS::AccountSA::AccountMgrService::AccountMgrService()";
        "OHOS::AccountSA::AccountMgrService::Init()";
        "OHOS::AccountSA::AccountStateMachine::Clean()";
        "OHOS::AccountSA::OhosAccountManager::GetInstance()";
        "OHOS::AccountSA::AccountEventSubscriber::AccountEventSubscriber(OHOS::AccountSA::AccountCommonEventCallback const&)";
        "OHOS::AccountSA::AccountEventSubscriber::CreateEventSubscribe()";
        "OHOS::AccountSA::AccountStateMachine::OnInitialize()";
        "OHOS::AccountSA::AccountStateMachine::StateChangeProcess(int)";
        "OHOS::AccountSA::DomainAccountManagerService::DomainAccountManagerService()";
        "OHOS::AccountSA::AccountStub::OnRemoteRequest(unsigned int, OHOS::MessageParcel&, OHOS::MessageParcel&, OHOS::MessageOption&)";
        "OHOS::AccountSA::AddCredCallback::AddCredCallback(unsigned int, OHOS::UserIam::UserAuth::CredentialParameters const&, OHOS::sptr<OHOS::AccountSA::IIDMCallback> const&)";
        "OHOS::AccountSA::UpdateCredCallback::UpdateCredCallback(unsigned int, OHOS::UserIam::UserAuth::CredentialParameters const&, OHOS::sptr<OHOS::AccountSA::IIDMCallback> const&)";
        "OHOS::AccountSA::AppAccountAuthenticatorCallback::AppAccountAuthenticatorCallback(std::__h::basic_string<char, std::__h::char_traits<char>, std::__h::allocator<char>> const&)";
        "OHOS::AccountSA::AppAccountAuthenticatorManager::AppAccountAuthenticatorManager()";
        "OHOS::AccountSA::AppAccountAuthenticatorManager::GetAuthenticatorInfo(std::__h::basic_string<char, std::__h::char_traits<char>, std::__h::allocator<char>> const&, int, OHOS::AccountSA::AuthenticatorInfo&)";
        "OHOS::AccountSA::AppAccountAuthenticatorManager::Init()";
        "OHOS::AccountSA::AppAccountAuthenticatorProxy::AppAccountAuthenticatorProxy(OHOS::sptr<OHOS::IRemoteObject> const&)";
        "OHOS::AccountSA::AppAccountAuthenticatorSession::AddClientDeathRecipient()";
        "OHOS::AccountSA::AppAccountAuthenticatorSession::AppAccountAuthenticatorSession(OHOS::AccountSA::AuthenticatorAction, OHOS::AccountSA::AuthenticatorSessionRequest const&)";
        "OHOS::AccountSA::AppAccountAuthenticatorSession::GetAuthenticatorCallback(OHOS::AccountSA::AuthenticatorSessionRequest const&, OHOS::sptr<OHOS::IRemoteObject>&) const";
        "OHOS::AccountSA::AppAccountAuthenticatorSession::Init()";
        "OHOS::AccountSA::AppAccountAuthenticatorSession::OnAbilityConnectDone(OHOS::AppExecFwk::ElementName const&, OHOS::sptr<OHOS::IRemoteObject> const&, int)";
        "OHOS::AccountSA::AppAccountAuthenticatorSession::OnResult(int, OHOS::AAFwk::Want const&) const";
        "OHOS::AccountSA::AppAccountAuthenticatorSession::UpdateAuthInfo(OHOS::AAFwk::Want const&) const";
        "OHOS::AccountSA::AppAccountAuthenticatorSessionManager::AppAccountAuthenticatorSessionManager()";
        "OHOS::AccountSA::AppAccountAuthenticatorSessionManager::CloseSession(std::__h::basic_string<char, std::__h::char_traits<char>, std::__h::allocator<char>> const&)";
        "OHOS::AccountSA::AppAccountAuthenticatorSessionManager::GetAuthenticatorCallback(OHOS::AccountSA::AuthenticatorSessionRequest const&, OHOS::sptr<OHOS::IRemoteObject>&)";
        "OHOS::AccountSA::AppAccountAuthenticatorSessionManager::GetInstance()";
        "OHOS::AccountSA::AppAccountAuthenticatorSessionManager::GetSession(std::__h::basic_string<char, std::__h::char_traits<char>, std::__h::allocator<char>> const&)";
        "OHOS::AccountSA::AppAccountAuthenticatorSessionManager::IsAccountRemovable(OHOS::AccountSA::AuthenticatorSessionRequest const&)";
        "OHOS::AccountSA::AppAccountAuthenticatorSessionManager::OnAbilityStateChanged(OHOS::AppExecFwk::AbilityStateData const&)";
        "OHOS::AccountSA::AppAccountAuthenticatorSessionManager::OnSessionAbilityConnectDone(std::__h::basic_string<char, std::__h::char_traits<char>, std::__h::allocator<char>> const&, OHOS::AppExecFwk::ElementName const&, OHOS::sptr<OHOS::IRemoteObject> const&, int)";
        "OHOS::AccountSA::AppAccountAuthenticatorSessionManager::OnSessionAbilityDisconnectDone(std::__h::basic_string<char, std::__h::char_traits<char>, std::__h::allocator<char>> const&, OHOS::AppExecFwk::ElementName const&, int)";
        "OHOS::AccountSA::AppAccountAuthenticatorSessionManager::OnSessionRequestContinued(std::__h::basic_string<char, std::__h::char_traits<char>, std::__h::allocator<char>> const&)";
        "OHOS::AccountSA::AppAccountAuthenticatorSessionManager::OnSessionRequestRedirected(std::__h::basic_string<char, std::__h::char_traits<char>, std::__h::allocator<char>> const&, OHOS::AAFwk::Want&)";
        "OHOS::AccountSA::AppAccountAuthenticatorSessionManager::OnSessionResult(std::__h::basic_string<char, std::__h::char_traits<char>, std::__h::allocator<char>> const&, int, OHOS::AAFwk::Want const&)";
        "OHOS::AccountSA::AppAccountAuthenticatorSessionManager::OnSessionServerDied(std::__h::basic_string<char, std::__h::char_traits<char>, std::__h::allocator<char>> const&)";
        "OHOS::AccountSA::AppAccountAuthenticatorSessionManager::OpenSession(std::__h::shared_ptr<OHOS::AccountSA::AppAccountAuthenticatorSession> const&)";
        "OHOS::AccountSA::AppAccountAuthenticatorSessionManager::RegisterApplicationStateObserver()";
        "OHOS::AccountSA::AppAccountAuthenticatorSessionManager::SelectAccountsByOptions(std::__h::vector<OHOS::AccountSA::AppAccountInfo, std::__h::allocator<OHOS::AccountSA::AppAccountInfo>>, OHOS::AccountSA::AuthenticatorSessionRequest const&)";
        "OHOS::AccountSA::AppAccountAuthenticatorSessionManager::UnregisterApplicationStateObserver()";
        "OHOS::AccountSA::AppAccountCheckLabelsCallback::AppAccountCheckLabelsCallback(std::__h::vector<OHOS::AccountSA::AppAccountInfo, std::__h::allocator<OHOS::AccountSA::AppAccountInfo>>, OHOS::AccountSA::AuthenticatorSessionRequest const&, std::__h::basic_string<char, std::__h::char_traits<char>, std::__h::allocator<char>> const&)";
        "OHOS::AccountSA::AppAccountCheckLabelsSession::AppAccountCheckLabelsSession(std::__h::vector<OHOS::AccountSA::AppAccountInfo, std::__h::allocator<OHOS::AccountSA::AppAccountInfo>>, OHOS::AccountSA::AuthenticatorSessionRequest const&)";
        "OHOS::AccountSA::AppAccountCheckLabelsSession::CheckLabels()";
        "OHOS::AccountSA::AppAccountCommonEventObserver::AppAccountCommonEventObserver(OHOS::AccountSA::CommonEventCallback const&)";
        "OHOS::AccountSA::AppAccountCommonEventObserver::~AppAccountCommonEventObserver()";
        "OHOS::AccountSA::AppAccountControlManager::AddAccount(std::__h::basic_string<char, std::__h::char_traits<char>, std::__h::allocator<char>> const&, std::__h::basic_string<char, std::__h::char_traits<char>, std::__h::allocator<char>> const&, unsigned int const&, std::__h::basic_string<char, std::__h::char_traits<char>, std::__h::allocator<char>> const&, OHOS::AccountSA::AppAccountInfo&)";
        "OHOS::AccountSA::AppAccountControlManager::AddAccountInfoIntoDataStorage(OHOS::AccountSA::AppAccountInfo&, std::__h::shared_ptr<OHOS::AccountSA::AppAccountDataStorage> const&, unsigned int const&)";
        "OHOS::AccountSA::AppAccountControlManager::AppAccountControlManager()";
        "OHOS::AccountSA::AppAccountControlManager::DeleteAccount(std::__h::basic_string<char, std::__h::char_traits<char>, std::__h::allocator<char>> const&, unsigned int const&, std::__h::basic_string<char, std::__h::char_traits<char>, std::__h::allocator<char>> const&, OHOS::AccountSA::AppAccountInfo&)";
        "OHOS::AccountSA::AppAccountControlManager::DeleteAccountInfoFromDataStorage(OHOS::AccountSA::AppAccountInfo&, std::__h::shared_ptr<OHOS::AccountSA::AppAccountDataStorage>&, unsigned int const&)";
        "OHOS::AccountSA::AppAccountControlManager::EnableAppAccess(std::__h::basic_string<char, std::__h::char_traits<char>, std::__h::allocator<char>> const&, std::__h::basic_string<char, std::__h::char_traits<char>, std::__h::allocator<char>> const&, OHOS::AccountSA::AppAccountCallingInfo&, OHOS::AccountSA::AppAccountInfo&, unsigned int)";
        "OHOS::AccountSA::AppAccountControlManager::GetAccountInfoFromDataStorage(OHOS::AccountSA::AppAccountInfo&, std::__h::shared_ptr<OHOS::AccountSA::AppAccountDataStorage>&)";
        "OHOS::AccountSA::AppAccountControlManager::GetAllAccessibleAccountsFromDataStorage(std::__h::vector<OHOS::AccountSA::AppAccountInfo, std::__h::allocator<OHOS::AccountSA::AppAccountInfo>>&, std::__h::basic_string<char, std::__h::char_traits<char>, std::__h::allocator<char>> const&, std::__h::shared_ptr<OHOS::AccountSA::AppAccountDataStorage> const&, unsigned int const&)";
        "OHOS::AccountSA::AppAccountControlManager::GetAllAccountsFromDataStorage(std::__h::basic_string<char, std::__h::char_traits<char>, std::__h::allocator<char>> const&, std::__h::vector<OHOS::AccountSA::AppAccountInfo, std::__h::allocator<OHOS::AccountSA::AppAccountInfo>>&, std::__h::basic_string<char, std::__h::char_traits<char>, std::__h::allocator<char>> const&, std::__h::shared_ptr<OHOS::AccountSA::AppAccountDataStorage> const&)";
        "OHOS::AccountSA::AppAccountControlManager::GetAllOAuthTokens(OHOS::AccountSA::AuthenticatorSessionRequest const&, std::__h::vector<OHOS::AccountSA::OAuthTokenInfo, std::__h::allocator<OHOS::AccountSA::OAuthTokenInfo>>&)";
        "OHOS::AccountSA::AppAccountControlManager::GetDataStorage(unsigned int const&, bool const&, OHOS::DistributedKv::SecurityLevel)";
        "OHOS::AccountSA::AppAccountControlManager::NeedSyncDataStorage(OHOS::AccountSA::AppAccountInfo const&)";
        "OHOS::AccountSA::AppAccountControlManager::OnAbilityStateChanged(OHOS::AppExecFwk::AbilityStateData const&)";
        "OHOS::AccountSA::AppAccountControlManager::RemoveAuthorizedAccount(std::__h::basic_string<char, std::__h::char_traits<char>, std::__h::allocator<char>> const&, OHOS::AccountSA::AppAccountInfo&, std::__h::shared_ptr<OHOS::AccountSA::AppAccountDataStorage> const&, unsigned int const&)";
        "OHOS::AccountSA::AppAccountControlManager::RemoveAuthorizedAccountFromDataStorage(std::__h::basic_string<char, std::__h::char_traits<char>, std::__h::allocator<char>> const&, OHOS::AccountSA::AppAccountInfo&, std::__h::shared_ptr<OHOS::AccountSA::AppAccountDataStorage> const&)";
        "OHOS::AccountSA::AppAccountControlManager::SaveAccountInfoIntoDataStorage(OHOS::AccountSA::AppAccountInfo&, std::__h::shared_ptr<OHOS::AccountSA::AppAccountDataStorage> const&, unsigned int const&)";
        "OHOS::AccountSA::AppAccountControlManager::SaveAuthorizedAccount(std::__h::basic_string<char, std::__h::char_traits<char>, std::__h::allocator<char>> const&, OHOS::AccountSA::AppAccountInfo&, std::__h::shared_ptr<OHOS::AccountSA::AppAccountDataStorage> const&, unsigned int const&)";
        "OHOS::AccountSA::AppAccountControlManager::SaveAuthorizedAccountIntoDataStorage(std::__h::basic_string<char, std::__h::char_traits<char>, std::__h::allocator<char>> const&, OHOS::AccountSA::AppAccountInfo&, std::__h::shared_ptr<OHOS::AccountSA::AppAccountDataStorage> const&)";
        "OHOS::AccountSA::AppAccountControlManager::GetAllAccounts(const std::string &owner, std::vector<AppAccountInfo> &appAccounts, const uid_t &uid, const std::string &bundleName, const uint32_t &appIndex)";
        "OHOS::AccountSA::AppAccountControlManager::PopDataFromAssociatedDataCache()";
        "OHOS::AccountSA::AppAccountControlManager::SelectAccountsByOptions(const SelectAccountsOptions &options, const sptr<IAppAccountAuthenticatorCallback> &callback, const uid_t &uid, const std::string &bundleName, const uint32_t &appIndex)";
        "OHOS::AccountSA::AppAccountDataStorage::AddAccountInfoIntoDataStorage(OHOS::AccountSA::AppAccountInfo&)";
        "OHOS::AccountSA::AppAccountDataStorage::AppAccountDataStorage(std::__h::basic_string<char, std::__h::char_traits<char>, std::__h::allocator<char>> const&, OHOS::AccountSA::AccountDataStorageOptions const&)";
        "OHOS::AccountSA::AppAccountDataStorage::AUTHORIZED_ACCOUNTS";
        "OHOS::AccountSA::AppAccountDataStorage::GetAccessibleAccountsFromDataStorage(std::__h::basic_string<char, std::__h::char_traits<char>, std::__h::allocator<char>> const&, std::__h::vector<std::__h::basic_string<char, std::__h::char_traits<char>, std::__h::allocator<char>>, std::__h::allocator<std::__h::basic_string<char, std::__h::char_traits<char>, std::__h::allocator<char>>>>&)";
        "OHOS::AccountSA::AppAccountManagerService::AppAccountManagerService()";
        "OHOS::AccountSA::AppAccountManagerService::GetBundleNameAndCheckPerm(int&, std::__h::basic_string<char, std::__h::char_traits<char>, std::__h::allocator<char>>&, std::__h::basic_string<char, std::__h::char_traits<char>, std::__h::allocator<char>> const&)";
        "OHOS::AccountSA::AppAccountManagerService::GetCallingInfo(int&, std::__h::basic_string<char, std::__h::char_traits<char>, std::__h::allocator<char>>&, unsigned int&)";
        "OHOS::AccountSA::AppAccountControlManager::GetInstance()";
        "OHOS::AccountSA::AppAccountSubscribeManager::AppAccountSubscribeManager()";
        "OHOS::AccountSA::AppAccountSubscribeManager::CheckAppAccess(std::__h::shared_ptr<OHOS::AccountSA::AppAccountSubscribeInfo> const&, unsigned int const&, std::__h::basic_string<char, std::__h::char_traits<char>, std::__h::allocator<char>> const&, unsigned int const&)";
        "OHOS::AccountSA::AppAccountSubscribeManager::GetAccessibleAccountsBySubscribeInfo(std::__h::shared_ptr<OHOS::AccountSA::AppAccountSubscribeInfo> const&, std::__h::vector<OHOS::AccountSA::AppAccountInfo, std::__h::allocator<OHOS::AccountSA::AppAccountInfo>> const&, std::__h::vector<OHOS::AccountSA::AppAccountInfo, std::__h::allocator<OHOS::AccountSA::AppAccountInfo>>&)";
        "OHOS::AccountSA::AppAccountSubscribeManager::GetInstance()";
        "OHOS::AccountSA::AppAccountSubscribeManager::InsertSubscribeRecord(std::__h::vector<std::__h::basic_string<char, std::__h::char_traits<char>, std::__h::allocator<char>>, std::__h::allocator<std::__h::basic_string<char, std::__h::char_traits<char>, std::__h::allocator<char>>>> const&, std::__h::shared_ptr<OHOS::AccountSA::AppAccountSubscribeRecord> const&)";
        "OHOS::AccountSA::AppAccountSubscribeManager::RemoveSubscribeRecord(OHOS::sptr<OHOS::IRemoteObject> const&)";
        "OHOS::AccountSA::AppAccountSubscribeManager::SubscribeAppAccount(std::__h::shared_ptr<OHOS::AccountSA::AppAccountSubscribeInfo> const&, OHOS::sptr<OHOS::IRemoteObject> const&, unsigned int const&, std::__h::basic_string<char, std::__h::char_traits<char>, std::__h::allocator<char>> const&, unsigned int const&)";
        "OHOS::AccountSA::AppAccountSubscribeManager::UnsubscribeAppAccount(const sptr<IRemoteObject> &eventListener)";
        "OHOS::AccountSA::AuthCallback::AuthCallback(unsigned int, unsigned long long, OHOS::UserIam::UserAuth::AuthType, OHOS::sptr<OHOS::AccountSA::IIDMCallback> const&)";
        "OHOS::AccountSA::AuthCallback::AuthCallback(unsigned int, unsigned long, OHOS::UserIam::UserAuth::AuthType, OHOS::sptr<OHOS::AccountSA::IIDMCallback> const&)";
        "OHOS::AccountSA::DelCredCallback::DelCredCallback(int, bool, std::__h::vector<unsigned char, std::__h::allocator<unsigned char>>, OHOS::sptr<OHOS::AccountSA::IIDMCallback> const&)";
        "OHOS::AccountSA::DomainAccountPluginProxy::DomainAccountPluginProxy(OHOS::sptr<OHOS::IRemoteObject> const&)";
        "OHOS::AccountSA::GetCredInfoCallbackWrapper::GetCredInfoCallbackWrapper(int, int, OHOS::sptr<OHOS::AccountSA::IGetCredInfoCallback> const&)";
        "OHOS::AccountSA::GetPropCallbackWrapper::GetPropCallbackWrapper(int, OHOS::sptr<OHOS::AccountSA::IGetSetPropCallback> const&)";
        "OHOS::AccountSA::GetValidAccountID(std::__h::basic_string<char, std::__h::char_traits<char>, std::__h::allocator<char>> const&, int&)";
        "OHOS::AccountSA::IAccountContext::instance_";
        "OHOS::AccountSA::AccountMgrService::GetCallingUserID()";
        "OHOS::AccountSA::AccountHelperData::GetBundleNameTrustList()";
        *OHOS::AccountSA::CommitCredUpdateCallback::CommitCredUpdateCallback*;
        "OHOS::AccountSA::IInnerOsAccountManager::CheckAndAddLocalIdOperating(int)";
        "OHOS::AccountSA::IInnerOsAccountManager::UpdateAccountStatusForDomain(int, OHOS::AccountSA::DomainAccountStatus)";
        "OHOS::AccountSA::IInnerOsAccountManager::CleanGarbageAccounts()";
        "OHOS::AccountSA::IInnerOsAccountManager::CreateBaseAdminAccount()";
        "OHOS::AccountSA::IInnerOsAccountManager::CreateBaseStandardAccount()";
        "OHOS::AccountSA::IInnerOsAccountManager::DeactivateOsAccountById(int)";
        "OHOS::AccountSA::IInnerOsAccountManager::EraseIdFromActiveList(int)";
        "OHOS::AccountSA::IInnerOsAccountManager::GetInstance()";
        "OHOS::AccountSA::IInnerOsAccountManager::IInnerOsAccountManager()";
        "OHOS::AccountSA::IInnerOsAccountManager::IsLocalIdInOperating(int)";
        "OHOS::AccountSA::IInnerOsAccountManager::IsOsAccountIDInActiveList(int)";
        "OHOS::AccountSA::IInnerOsAccountManager::PrepareOsAccountInfo(std::__h::basic_string<char, std::__h::char_traits<char>, std::__h::allocator<char>> const&, OHOS::AccountSA::OsAccountType const&, OHOS::AccountSA::DomainAccountInfo const&, OHOS::AccountSA::OsAccountInfo&)";
        "OHOS::AccountSA::IInnerOsAccountManager::PushIdIntoActiveList(int)";
        "OHOS::AccountSA::IInnerOsAccountManager::RemoveLocalIdToOperating(int)";
        "OHOS::AccountSA::IInnerOsAccountManager::ResetAccountStatus()";
        "OHOS::AccountSA::IInnerOsAccountManager::ResetActiveStatus()";
        "OHOS::AccountSA::IInnerOsAccountManager::RestartActiveAccount()";
        "OHOS::AccountSA::IInnerOsAccountManager::SendMsgForAccountActivate(OHOS::AccountSA::OsAccountInfo&)";
        "OHOS::AccountSA::IInnerOsAccountManager::SendMsgForAccountCreate(OHOS::AccountSA::OsAccountInfo&)";
        "OHOS::AccountSA::DomainHasDomainInfoCallback::DomainHasDomainInfoCallback(OHOS::sptr<OHOS::AccountSA::IDomainGetDomainInfoCallback> const&)";
        "OHOS::AccountSA::IInnerOsAccountManager::SendMsgForAccountRemove(OHOS::AccountSA::OsAccountInfo&)";
        "OHOS::AccountSA::IInnerOsAccountManager::SetOsAccountControl(std::__h::shared_ptr<OHOS::AccountSA::IOsAccountControl>)";
        "OHOS::AccountSA::IInnerOsAccountManager::SetOsAccountForDomain(std::__h::basic_string<char, std::__h::char_traits<char>, std::__h::allocator<char>>, OHOS::AccountSA::OsAccountType const&, OHOS::AccountSA::OsAccountInfo&, OHOS::AccountSA::DomainAccountInfo const&)";
        "OHOS::AccountSA::IInnerOsAccountManager::StartAccount()";
        "OHOS::AccountSA::InnerAppAccountManager::AddAccount(std::__h::basic_string<char, std::__h::char_traits<char>, std::__h::allocator<char>> const&, std::__h::basic_string<char, std::__h::char_traits<char>, std::__h::allocator<char>> const&, unsigned int const&, std::__h::basic_string<char, std::__h::char_traits<char>, std::__h::allocator<char>> const&, unsigned int const&)";
        "OHOS::AccountSA::InnerAppAccountManager::AddAccountImplicitly(OHOS::AccountSA::AuthenticatorSessionRequest const&)";
        "OHOS::AccountSA::InnerAppAccountManager::Authenticate(OHOS::AccountSA::AuthenticatorSessionRequest const&)";
        "OHOS::AccountSA::InnerAppAccountManager::CheckAccountLabels(OHOS::AccountSA::AuthenticatorSessionRequest const&)";
        "OHOS::AccountSA::InnerAppAccountManager::CheckAppAccess(std::__h::basic_string<char, std::__h::char_traits<char>, std::__h::allocator<char>> const&, std::__h::basic_string<char, std::__h::char_traits<char>, std::__h::allocator<char>> const&, bool&, OHOS::AccountSA::AppAccountCallingInfo const&)";
        "OHOS::AccountSA::InnerAppAccountManager::CheckAppAccountSyncEnable(std::__h::basic_string<char, std::__h::char_traits<char>, std::__h::allocator<char>> const&, bool&, unsigned int const&, std::__h::basic_string<char, std::__h::char_traits<char>, std::__h::allocator<char>> const&, unsigned int const&)";
        "OHOS::AccountSA::InnerAppAccountManager::CheckOAuthTokenVisibility(OHOS::AccountSA::AuthenticatorSessionRequest const&, bool&, unsigned int)";
        "OHOS::AccountSA::InnerAppAccountManager::CreateAccount(std::__h::basic_string<char, std::__h::char_traits<char>, std::__h::allocator<char>> const&, OHOS::AccountSA::CreateAccountOptions const&, unsigned int const&, std::__h::basic_string<char, std::__h::char_traits<char>, std::__h::allocator<char>> const&, unsigned int const&)";
        "OHOS::AccountSA::InnerAppAccountManager::CreateAccountImplicitly(OHOS::AccountSA::AuthenticatorSessionRequest const&)";
        "OHOS::AccountSA::InnerAppAccountManager::DeleteAccount(std::__h::basic_string<char, std::__h::char_traits<char>, std::__h::allocator<char>> const&, unsigned int const&, std::__h::basic_string<char, std::__h::char_traits<char>, std::__h::allocator<char>> const&, unsigned int const&)";
        "OHOS::AccountSA::InnerAppAccountManager::DeleteAccountCredential(std::__h::basic_string<char, std::__h::char_traits<char>, std::__h::allocator<char>> const&, std::__h::basic_string<char, std::__h::char_traits<char>, std::__h::allocator<char>> const&, unsigned int const&, std::__h::basic_string<char, std::__h::char_traits<char>, std::__h::allocator<char>> const&, unsigned int const&)";
        "OHOS::AccountSA::InnerAppAccountManager::DeleteOAuthToken(OHOS::AccountSA::AuthenticatorSessionRequest const&, unsigned int)";
        "OHOS::AccountSA::InnerAppAccountManager::DisableAppAccess(std::__h::basic_string<char, std::__h::char_traits<char>, std::__h::allocator<char>> const&, std::__h::basic_string<char, std::__h::char_traits<char>, std::__h::allocator<char>> const&, OHOS::AccountSA::AppAccountCallingInfo&, unsigned int)";
        "OHOS::AccountSA::InnerAppAccountManager::EnableAppAccess(std::__h::basic_string<char, std::__h::char_traits<char>, std::__h::allocator<char>> const&, std::__h::basic_string<char, std::__h::char_traits<char>, std::__h::allocator<char>> const&, OHOS::AccountSA::AppAccountCallingInfo&, unsigned int)";
        "OHOS::AccountSA::InnerAppAccountManager::GetAccountCredential(std::__h::basic_string<char, std::__h::char_traits<char>, std::__h::allocator<char>> const&, std::__h::basic_string<char, std::__h::char_traits<char>, std::__h::allocator<char>> const&, std::__h::basic_string<char, std::__h::char_traits<char>, std::__h::allocator<char>>&, OHOS::AccountSA::AppAccountCallingInfo const&)";
        "OHOS::AccountSA::InnerAppAccountManager::GetAccountExtraInfo(std::__h::basic_string<char, std::__h::char_traits<char>, std::__h::allocator<char>> const&, std::__h::basic_string<char, std::__h::char_traits<char>, std::__h::allocator<char>>&, unsigned int const&, std::__h::basic_string<char, std::__h::char_traits<char>, std::__h::allocator<char>> const&, unsigned int const&)";
        "OHOS::AccountSA::InnerAppAccountManager::GetAllAccessibleAccounts(std::__h::vector<OHOS::AccountSA::AppAccountInfo, std::__h::allocator<OHOS::AccountSA::AppAccountInfo>>&, unsigned int const&, std::__h::basic_string<char, std::__h::char_traits<char>, std::__h::allocator<char>> const&, unsigned int const&)";
        "OHOS::AccountSA::InnerAppAccountManager::GetAllAccounts(std::__h::basic_string<char, std::__h::char_traits<char>, std::__h::allocator<char>> const&, std::__h::vector<OHOS::AccountSA::AppAccountInfo, std::__h::allocator<OHOS::AccountSA::AppAccountInfo>>&, unsigned int const&, std::__h::basic_string<char, std::__h::char_traits<char>, std::__h::allocator<char>> const&, unsigned int const&)";
        "OHOS::AccountSA::InnerAppAccountManager::GetAllOAuthTokens(OHOS::AccountSA::AuthenticatorSessionRequest const&, std::__h::vector<OHOS::AccountSA::OAuthTokenInfo, std::__h::allocator<OHOS::AccountSA::OAuthTokenInfo>>&)";
        "OHOS::AccountSA::InnerAppAccountManager::GetAssociatedData(std::__h::basic_string<char, std::__h::char_traits<char>, std::__h::allocator<char>> const&, std::__h::basic_string<char, std::__h::char_traits<char>, std::__h::allocator<char>> const&, std::__h::basic_string<char, std::__h::char_traits<char>, std::__h::allocator<char>>&, unsigned int const&)";
        "OHOS::AccountSA::InnerAppAccountManager::GetAuthenticatorCallback(OHOS::AccountSA::AuthenticatorSessionRequest const&, OHOS::sptr<OHOS::IRemoteObject>&)";
        "OHOS::AccountSA::InnerAppAccountManager::GetAuthenticatorInfo(OHOS::AccountSA::AuthenticatorSessionRequest const&, OHOS::AccountSA::AuthenticatorInfo&)";
        "OHOS::AccountSA::InnerAppAccountManager::GetOAuthList(OHOS::AccountSA::AuthenticatorSessionRequest const&, std::__h::set<std::__h::basic_string<char, std::__h::char_traits<char>, std::__h::allocator<char>>, std::__h::less<std::__h::basic_string<char, std::__h::char_traits<char>, std::__h::allocator<char>>>, std::__h::allocator<std::__h::basic_string<char, std::__h::char_traits<char>, std::__h::allocator<char>>>>&, unsigned int)";
        "OHOS::AccountSA::InnerAppAccountManager::GetOAuthToken(OHOS::AccountSA::AuthenticatorSessionRequest const&, std::__h::basic_string<char, std::__h::char_traits<char>, std::__h::allocator<char>>&, unsigned int)";
        "OHOS::AccountSA::InnerAppAccountManager::InnerAppAccountManager()";
        "OHOS::AccountSA::InnerAppAccountManager::OnPackageRemoved(unsigned int const&, std::__h::basic_string<char, std::__h::char_traits<char>, std::__h::allocator<char>> const&, unsigned int const&)";
        "OHOS::AccountSA::InnerAppAccountManager::OnUserRemoved(int)";
        "OHOS::AccountSA::IInnerOsAccountManager::CheckAndRefreshLocalIdRecord(int)";
        "OHOS::AccountSA::IInnerOsAccountManager::ValidateShortName(std::__h::basic_string<char, std::__h::char_traits<char>, std::__h::allocator<char>> const&)";
        "OHOS::AccountSA::InnerAppAccountManager::SelectAccountsByOptions(OHOS::AccountSA::SelectAccountsOptions const&, OHOS::sptr<OHOS::AccountSA::IAppAccountAuthenticatorCallback> const&, unsigned int const&, std::__h::basic_string<char, std::__h::char_traits<char>, std::__h::allocator<char>> const&, unsigned int const&)";
        "OHOS::AccountSA::InnerAppAccountManager::SetAccountCredential(std::__h::basic_string<char, std::__h::char_traits<char>, std::__h::allocator<char>> const&, std::__h::basic_string<char, std::__h::char_traits<char>, std::__h::allocator<char>> const&, std::__h::basic_string<char, std::__h::char_traits<char>, std::__h::allocator<char>> const&, OHOS::AccountSA::AppAccountCallingInfo const&)";
        "OHOS::AccountSA::InnerAppAccountManager::SetAccountExtraInfo(std::__h::basic_string<char, std::__h::char_traits<char>, std::__h::allocator<char>> const&, std::__h::basic_string<char, std::__h::char_traits<char>, std::__h::allocator<char>> const&, unsigned int const&, std::__h::basic_string<char, std::__h::char_traits<char>, std::__h::allocator<char>> const&, unsigned int const&)";
        "OHOS::AccountSA::InnerAppAccountManager::SetAppAccountSyncEnable(std::__h::basic_string<char, std::__h::char_traits<char>, std::__h::allocator<char>> const&, bool const&, unsigned int const&, std::__h::basic_string<char, std::__h::char_traits<char>, std::__h::allocator<char>> const&, unsigned int const&)";
        "OHOS::AccountSA::InnerAppAccountManager::SetAssociatedData(std::__h::basic_string<char, std::__h::char_traits<char>, std::__h::allocator<char>> const&, std::__h::basic_string<char, std::__h::char_traits<char>, std::__h::allocator<char>> const&, std::__h::basic_string<char, std::__h::char_traits<char>, std::__h::allocator<char>> const&, OHOS::AccountSA::AppAccountCallingInfo const&)";
        "OHOS::AccountSA::InnerAppAccountManager::SetAuthenticatorProperties(OHOS::AccountSA::AuthenticatorSessionRequest const&)";
        "OHOS::AccountSA::InnerAppAccountManager::SetOAuthToken(OHOS::AccountSA::AuthenticatorSessionRequest const&)";
        "OHOS::AccountSA::InnerAppAccountManager::SetOAuthTokenVisibility(OHOS::AccountSA::AuthenticatorSessionRequest const&, unsigned int)";
        "OHOS::AccountSA::InnerAppAccountManager::SubscribeAppAccount(OHOS::AccountSA::AppAccountSubscribeInfo const&, OHOS::sptr<OHOS::IRemoteObject> const&, unsigned int const&, std::__h::basic_string<char, std::__h::char_traits<char>, std::__h::allocator<char>> const&, unsigned int const&)";
        "OHOS::AccountSA::InnerAppAccountManager::UnsubscribeAppAccount(OHOS::sptr<OHOS::IRemoteObject> const&)";
        "OHOS::AccountSA::InnerAppAccountManager::VerifyCredential(OHOS::AccountSA::AuthenticatorSessionRequest const&)";
        "OHOS::AccountSA::InnerAppAccountManager::~InnerAppAccountManager()";
        "OHOS::AccountSA::OhosAccountManager::GetAccountInfoByUserId(int, OHOS::AccountSA::AccountInfo&)";
        "OHOS::AccountSA::OhosAccountManager::GetCurrentOhosAccountState()";
        "OHOS::AccountSA::OhosAccountManager::HandleEvent(OHOS::AccountSA::AccountInfo&, std::__h::basic_string<char, std::__h::char_traits<char>, std::__h::allocator<char>> const&)";
        "OHOS::AccountSA::OhosAccountManager::HandleOhosAccountTokenInvalidEvent(OHOS::AccountSA::OhosAccountInfo const&, std::__h::basic_string<char, std::__h::char_traits<char>, std::__h::allocator<char>> const&)";
        "OHOS::AccountSA::OhosAccountManager::LoginOhosAccount(OHOS::AccountSA::OhosAccountInfo const&, std::__h::basic_string<char, std::__h::char_traits<char>, std::__h::allocator<char>> const&)";
        "OHOS::AccountSA::OhosAccountManager::LogoffOhosAccount(OHOS::AccountSA::OhosAccountInfo const&, std::__h::basic_string<char, std::__h::char_traits<char>, std::__h::allocator<char>> const&)";
        "OHOS::AccountSA::OhosAccountManager::LogoutOhosAccount(OHOS::AccountSA::OhosAccountInfo const&, std::__h::basic_string<char, std::__h::char_traits<char>, std::__h::allocator<char>> const&)";
        "OHOS::AccountSA::OhosAccountManager::OnInitialize()";
        "OHOS::AccountSA::OsAccountControlFileManager::BuildAndSaveBaseOAConstraintsJsonFile()";
        "OHOS::AccountSA::OsAccountControlFileManager::BuildAndSaveGlobalOAConstraintsJsonFile()";
        "OHOS::AccountSA::OsAccountControlFileManager::BuildAndSaveSpecificOAConstraintsJsonFile()";
        "OHOS::AccountSA::OsAccountControlFileManager::GetCreatedOsAccountNumFromDatabase(std::__h::basic_string<char, std::__h::char_traits<char>, std::__h::allocator<char>> const&, int&)";
        "OHOS::AccountSA::OsAccountControlFileManager::GetDeviceOwnerId(int&)";
        "OHOS::AccountSA::OsAccountControlFileManager::GetMaxAllowCreateIdFromDatabase(std::__h::basic_string<char, std::__h::char_traits<char>, std::__h::allocator<char>> const&, int&)";
        "OHOS::AccountSA::OsAccountControlFileManager::GetOsAccountFromDatabase(std::__h::basic_string<char, std::__h::char_traits<char>, std::__h::allocator<char>> const&, int, OHOS::AccountSA::OsAccountInfo&)";
        "OHOS::AccountSA::OsAccountControlFileManager::GetOsAccountListFromDatabase(std::__h::basic_string<char, std::__h::char_traits<char>, std::__h::allocator<char>> const&, std::__h::vector<OHOS::AccountSA::OsAccountInfo, std::__h::allocator<OHOS::AccountSA::OsAccountInfo>>&)";
        "OHOS::AccountSA::OsAccountControlFileManager::GetSerialNumberFromDatabase(std::__h::basic_string<char, std::__h::char_traits<char>, std::__h::allocator<char>> const&, long long&)";
        "OHOS::AccountSA::OsAccountControlFileManager::Init()";
        "OHOS::AccountSA::OsAccountControlFileManager::IsAllowedCreateAdmin(bool&)";
        "OHOS::AccountSA::OsAccountControlFileManager::IsFromBaseOAConstraintsList(int, std::__h::basic_string<char, std::__h::char_traits<char>, std::__h::allocator<char>>, bool&)";
        "OHOS::AccountSA::OsAccountControlFileManager::IsOsAccountExists(int, bool&)";
        "OHOS::AccountSA::OsAccountControlFileManager::OsAccountControlFileManager()";
        "OHOS::AccountSA::OsAccountControlFileManager::RecoverAccountListJsonFile()";
        "OHOS::AccountSA::OsAccountControlFileManager::UpdateSpecificOAConstraints(std::__h::basic_string<char, std::__h::char_traits<char>, std::__h::allocator<char>> const&, std::__h::basic_string<char, std::__h::char_traits<char>, std::__h::allocator<char>> const&, std::__h::vector<std::__h::basic_string<char, std::__h::char_traits<char>, std::__h::allocator<char>>, std::__h::allocator<std::__h::basic_string<char, std::__h::char_traits<char>, std::__h::allocator<char>>>> const&, bool)";
        "OHOS::AccountSA::OsAccountControlFileManager::~OsAccountControlFileManager()";
        "OHOS::AccountSA::OsAccountDataStorage::OsAccountDataStorage(std::__h::basic_string<char, std::__h::char_traits<char>, std::__h::allocator<char>> const&, std::__h::basic_string<char, std::__h::char_traits<char>, std::__h::allocator<char>> const&, bool const&)";
        "OHOS::AccountSA::OsAccountManagerService::DumpOsAccountInfo(std::__h::vector<std::__h::basic_string<char, std::__h::char_traits<char>, std::__h::allocator<char>>, std::__h::allocator<std::__h::basic_string<char, std::__h::char_traits<char>, std::__h::allocator<char>>>>&)";
        "OHOS::AccountSA::OsAccountManagerService::OsAccountManagerService()";
        "OHOS::AccountSA::OsAccountSubscribeManager::InsertSubscribeRecord(std::__h::shared_ptr<OHOS::AccountSA::OsSubscribeRecord> const&)";
        "OHOS::AccountSA::OsAccountSubscribeManager::OsAccountSubscribeManager()";
        "OHOS::AccountSA::OsAccountSubscribeManager::RemoveSubscribeRecord(OHOS::sptr<OHOS::IRemoteObject> const&)";
        "OHOS::AccountSA::OsAccountSubscribeManager::OnAccountsChanged(const OsSubscribeRecordPtr &osSubscribeRecordPtr, const int id)";
        "OHOS::AccountSA::IInnerOsAccountManager::IInnerOsAccountManager()";
        "OHOS::AccountSA::IInnerOsAccountManager::SendMsgForAccountCreate(OsAccountInfo &osAccountInfo)";
        "OHOS::AccountSA::IInnerOsAccountManager::SendMsgForAccountActivate(OsAccountInfo &osAccountInfo)";
        "OHOS::AccountSA::IInnerOsAccountManager::UpdateAccountInfoByDomainAccountInfo(int, OHOS::AccountSA::DomainAccountInfo const&)";
        "OHOS::AccountSA::OsAccountPluginManager::GetInstance()";
        "OHOS::AccountSA::OsAccountPluginManager::IsCreationAllowed()";
        "OHOS::AccountSA::SessionAppStateObserver::OnAbilityStateChanged(OHOS::AppExecFwk::AbilityStateData const&)";
        "OHOS::AccountSA::SessionAppStateObserver::SessionAppStateObserver()";
        "OHOS::AccountSA::SessionConnection::SessionConnection(std::__h::basic_string<char, std::__h::char_traits<char>, std::__h::allocator<char>> const&)";
        "OHOS::AccountSA::SessionServerDeathRecipient::OnRemoteDied(OHOS::wptr<OHOS::IRemoteObject> const&)";
        "OHOS::AccountSA::SessionServerDeathRecipient::SessionServerDeathRecipient(std::__h::basic_string<char, std::__h::char_traits<char>, std::__h::allocator<char>> const&)";
        "OHOS::AccountSA::SetPropCallbackWrapper::SetPropCallbackWrapper(int, OHOS::sptr<OHOS::AccountSA::IGetSetPropCallback> const&)";
        "vtable for OHOS::AccountSA::AccountStub";
        "OHOS::AccountSA::AccountStub::AccountStub()";
        "vtable for OHOS::AccountSA::OsAccountStopUserCallback";
        "vtable for OHOS::AccountSA::OsAccountSubscribeDeathRecipient";
        "VTT for OHOS::AccountSA::SessionServerDeathRecipient";
        "vtable for OHOS::AccountSA::SessionServerDeathRecipient";
        "VTT for OHOS::AccountSA::OsAccountStopUserCallback";
        "VTT for OHOS::AccountSA::SessionAppStateObserver";
        "OHOS::AccountSA::AccountInfoReport::ReportSecurityInfo(std::__h::basic_string<char, std::__h::char_traits<char>, std::__h::allocator<char>> const&, int, OHOS::AccountSA::ReportEvent, int)";
        *OHOS::AccountSA::AbilityManagerAdapter*;
        *OHOS::AccountSA::BundleManagerAdapter*;
        *OHOS::AccountSA::InnerAccountIAMManager*;
        *OHOS::AccountSA::OsAccount*;
        *OHOS::AccountSA::OsAccountInterface*;
        *OHOS::AppExecFwk::IBundleMgr*;
        "OHOS::AccountSA::OhosAccountManager::OhosAccountStateChange(int, OHOS::AccountSA::OhosAccountInfo const&, std::__h::basic_string<char, std::__h::char_traits<char>, std::__h::allocator<char>> const&)";
        "OHOS::AccountSA::OhosAccountManager::OhosAccountStateChange(std::__h::basic_string<char, std::__h::char_traits<char>, std::__h::allocator<char>> const&, std::__h::basic_string<char, std::__h::char_traits<char>, std::__h::allocator<char>> const&, std::__h::basic_string<char, std::__h::char_traits<char>, std::__h::allocator<char>> const&)";
        "OHOS::AccountSA::UpdateTraceLabelAdapter()";
        "OHOS::AccountSA::StartTraceAdapter(std::__h::basic_string<char, std::__h::char_traits<char>, std::__h::allocator<char>> const&)";
        *OHOS::AccountSA::CountTraceAdapter*;
        *OHOS::AccountSA::AccountFileWatcherMgr*;
        "OHOS::AccountSA::FinishTraceAdapter()";
        "OHOS::AccountSA::DomainAccountStub::DomainAccountStub()";
        "OHOS::AccountSA::DomainAccountStub::~DomainAccountStub()";
        "OHOS::AccountSA::InnerDomainAccountManager::GetInstance()";
        "OHOS::AccountSA::InnerDomainAccountManager::RegisterPlugin(OHOS::sptr<OHOS::AccountSA::IDomainAccountPlugin> const&)";
        "OHOS::AccountSA::InnerDomainAccountManager::UnregisterPlugin()";
        "OHOS::AccountSA::InnerDomainAccountManager::HasDomainAccount(OHOS::AccountSA::DomainAccountInfo const&, OHOS::sptr<OHOS::AccountSA::IDomainAccountCallback> const&)";
        "OHOS::AccountSA::InnerDomainAccountManager::GetAccessToken(OHOS::AccountSA::DomainAccountInfo const&, OHOS::AAFwk::WantParams const&, OHOS::sptr<OHOS::AccountSA::IDomainAccountCallback> const&)";
        "OHOS::AccountSA::InnerDomainAccountManager::UpdateAccountToken(OHOS::AccountSA::DomainAccountInfo const&, std::__h::vector<unsigned char, std::__h::allocator<unsigned char>> const&)";
        "OHOS::AccountSA::InnerDomainAccountManager::SetAccountPolicy(OHOS::AccountSA::DomainAccountPolicy const&)";
        "OHOS::AccountSA::InnerDomainAccountManager::IsAuthenticationExpired(OHOS::AccountSA::DomainAccountInfo const&, bool&)";
        "OHOS::AccountSA::InnerDomainAccountManager::Auth(OHOS::AccountSA::DomainAccountInfo const&, std::__h::vector<unsigned char, std::__h::allocator<unsigned char>> const&, OHOS::sptr<OHOS::AccountSA::IDomainAccountCallback> const&)";
        "OHOS::AccountSA::InnerDomainAccountManager::AuthUser(int, std::__h::vector<unsigned char, std::__h::allocator<unsigned char>> const&, OHOS::sptr<OHOS::AccountSA::IDomainAuthCallback> const&)";
        "OHOS::AccountSA::InnerDomainAccountManager::AuthWithPopup(int, OHOS::sptr<OHOS::AccountSA::IDomainAccountCallback> const&)";
        "OHOS::AccountSA::InnerDomainAccountManager::GetAccountStatus(OHOS::AccountSA::DomainAccountInfo const&, OHOS::AccountSA::DomainAccountStatus&)";
        "OHOS::AccountSA::InnerDomainAccountManager::RegisterAccountStatusListener(OHOS::sptr<OHOS::AccountSA::IDomainAccountCallback> const&)";
        "OHOS::AccountSA::InnerDomainAccountManager::RegisterAccountStatusListener(OHOS::AccountSA::DomainAccountInfo const&, OHOS::sptr<OHOS::AccountSA::IDomainAccountCallback> const&)";
        "OHOS::AccountSA::InnerDomainAccountManager::UnregisterAccountStatusListener(OHOS::AccountSA::DomainAccountInfo const&, OHOS::sptr<OHOS::AccountSA::IDomainAccountCallback> const&)";
        "OHOS::AccountSA::InnerDomainAccountManager::UnregisterAccountStatusListener(OHOS::sptr<OHOS::AccountSA::IDomainAccountCallback> const&)";
        "OHOS::AccountSA::InnerDomainAccountManager::GetDomainAccountInfo(OHOS::AccountSA::DomainAccountInfo const&, OHOS::sptr<OHOS::AccountSA::IDomainAccountCallback> const&)";
        "OHOS::AccountSA::InnerDomainAccountManager::AddServerConfig(std::__h::basic_string<char, std::__h::char_traits<char>, std::__h::allocator<char>> const&, OHOS::AccountSA::DomainServerConfig&)";
        "OHOS::AccountSA::InnerDomainAccountManager::RemoveServerConfig(std::__h::basic_string<char, std::__h::char_traits<char>, std::__h::allocator<char>> const&)";
        "OHOS::AccountSA::InnerDomainAccountManager::GetAccountServerConfig(OHOS::AccountSA::DomainAccountInfo const&, OHOS::AccountSA::DomainServerConfig&)";
        "OHOS::AccountSA::InnerDomainAccountManager::UpdateAccountInfo(OHOS::AccountSA::DomainAccountInfo const&, OHOS::AccountSA::DomainAccountInfo const&)";
        "OHOS::AccountSA::DomainAccountStub::OnRemoteRequest(unsigned int, OHOS::MessageParcel&, OHOS::MessageParcel&, OHOS::MessageOption&)";
        "OHOS::AccountSA::DomainAccountInfo::DomainAccountInfo()";
        "VTT for OHOS::AccountSA::DomainAccountInfo";
        "OHOS::AccountSA::DomainAccountInfo::Unmarshalling(OHOS::Parcel&)";
        "VTT for OHOS::AccountSA::DomainServerConfig";
        "OHOS::AccountSA::DomainServerConfig::Unmarshalling(OHOS::Parcel&)";
        "OHOS::AccountSA::DomainServerConfig::DomainServerConfig()";
        "OHOS::AccountSA::DomainAccountCallbackProxy::DomainAccountCallbackProxy(OHOS::sptr<OHOS::IRemoteObject> const&)";
        "OHOS::AccountSA::DomainAuthCallbackProxy::DomainAuthCallbackProxy(OHOS::sptr<OHOS::IRemoteObject> const&)";
        "OHOS::AccountSA::DomainAuthCallbackService::DomainAuthCallbackService(std::__h::shared_ptr<OHOS::AccountSA::DomainAuthCallback> const&)";
        "OHOS::AccountSA::AccountIAMMgrStub::AccountIAMMgrStub()";
        "OHOS::AccountSA::AccountIAMMgrStub::~AccountIAMMgrStub()";
        "OHOS::AccountSA::AccountIAMMgrStub::OnRemoteRequest(unsigned int, OHOS::MessageParcel&, OHOS::MessageParcel&, OHOS::MessageOption&)";
        "OHOS::AccountSA::AccountIAMMgrStub::~AccountIAMMgrStub()";
        "non-virtual thunk to OHOS::AccountSA::AccountIAMMgrStub::~AccountIAMMgrStub()";
        "virtual thunk to OHOS::AccountSA::AccountIAMMgrStub::~AccountIAMMgrStub()";
        "OHOS::AccountSA::InnerDomainAccountManager::AuthUser(int, std::__h::vector<unsigned char, std::__h::allocator<unsigned char>> const&, OHOS::sptr<OHOS::AccountSA::IDomainAccountCallback> const&)";
        "OHOS::AccountSA::AppAccountDataStorage::GetAccountInfoFromDataStorage(OHOS::AccountSA::AppAccountInfo&)";
        "OHOS::AccountSA::AppAccountInfo::GetAppIndex()";
        "OHOS::AccountSA::AccountDataStorage::LoadDataByLocalFuzzyQuery(std::__h::basic_string<char, std::__h::char_traits<char>, std::__h::allocator<char>>, std::__h::map<std::__h::basic_string<char, std::__h::char_traits<char>, std::__h::allocator<char>>, std::__h::shared_ptr<OHOS::AccountSA::IAccountInfo>, std::__h::less<std::__h::basic_string<char, std::__h::char_traits<char>, std::__h::allocator<char>>>, std::__h::allocator<std::__h::pair<std::__h::basic_string<char, std::__h::char_traits<char>, std::__h::allocator<char>> const, std::__h::shared_ptr<OHOS::AccountSA::IAccountInfo>>>>&)";
        "OHOS::AccountSA::AppAccountDataStorage::DeleteAccountInfoFromDataStorage(OHOS::AccountSA::AppAccountInfo&)";
        "OHOS::AccountSA::AppAccountDataStorage::SaveAccountInfoIntoDataStorage(OHOS::AccountSA::AppAccountInfo&)";
        "OHOS::AccountSA::AppAccountInfo::SetAppIndex(unsigned int const&)";
        "OHOS::AccountSA::AppAccountDataStorage::GetAccessibleAccountsFromAuthorizedAccounts(std::__h::basic_string<char, std::__h::char_traits<char>, std::__h::allocator<char>> const&, std::__h::basic_string<char, std::__h::char_traits<char>, std::__h::allocator<char>> const&, std::__h::vector<std::__h::basic_string<char, std::__h::char_traits<char>, std::__h::allocator<char>>, std::__h::allocator<std::__h::basic_string<char, std::__h::char_traits<char>, std::__h::allocator<char>>>>&)";
        "OHOS::AccountSA::AccountDataStorage::PutValueToKvStore(std::__h::basic_string<char, std::__h::char_traits<char>, std::__h::allocator<char>> const&, std::__h::basic_string<char, std::__h::char_traits<char>, std::__h::allocator<char>> const&)";
        "OHOS::AccountSA::AccountDataStorage::GetAccountInfoById(std::__h::basic_string<char, std::__h::char_traits<char>, std::__h::allocator<char>>, OHOS::AccountSA::IAccountInfo&)";
        "OHOS::AccountSA::AccountDataStorage::PutValueToKvStore(std::__h::basic_string<char, std::__h::char_traits<char>, std::__h::allocator<char>> const&, std::__h::basic_string<char, std::__h::char_traits<char>, std::__h::allocator<char>> const&)";
        "OHOS::AccountSA::BundleManagerAdapter::GetInstance()";
        "OHOS::AccountSA::BundleManagerAdapter::CreateNewUser(int, std::__h::vector<std::__h::basic_string<char, std::__h::char_traits<char>, std::__h::allocator<char>>, std::__h::allocator<std::__h::basic_string<char, std::__h::char_traits<char>, std::__h::allocator<char>>>> const&)";
        "OHOS::AccountSA::BundleManagerAdapter::RemoveUser(int)";
        "OHOS::AccountSA::BundleManagerAdapter::QueryAbilityInfos(OHOS::AAFwk::Want const&, int, int, std::__h::vector<OHOS::AppExecFwk::AbilityInfo, std::__h::allocator<OHOS::AppExecFwk::AbilityInfo>>&)";
        "OHOS::AccountSA::BundleManagerAdapter::QueryExtensionAbilityInfos(OHOS::AAFwk::Want const&, int const&, int const&, std::__h::vector<OHOS::AppExecFwk::ExtensionAbilityInfo, std::__h::allocator<OHOS::AppExecFwk::ExtensionAbilityInfo>>&)";
        "OHOS::AccountSA::BundleManagerAdapter::GetUidByBundleName(std::__h::basic_string<char, std::__h::char_traits<char>, std::__h::allocator<char>> const&, int)";
        "OHOS::AccountSA::BundleManagerAdapter::GetBundleInfo(std::__h::basic_string<char, std::__h::char_traits<char>, std::__h::allocator<char>> const&, OHOS::AppExecFwk::BundleFlag, OHOS::AppExecFwk::BundleInfo&, int)";
        "OHOS::AccountSA::BundleManagerAdapter::QueryExtensionAbilityInfos(OHOS::AAFwk::Want const&, OHOS::AppExecFwk::ExtensionAbilityType const&, int const&, int const&, std::__h::vector<OHOS::AppExecFwk::ExtensionAbilityInfo, std::__h::allocator<OHOS::AppExecFwk::ExtensionAbilityInfo>>&)";
        "OHOS::AccountSA::BundleManagerAdapter::Connect()";
        "OHOS::AccountSA::BundleManagerAdapter::ResetProxy(OHOS::wptr<OHOS::IRemoteObject> const&)";
        "OHOS::AccountSA::StartTraceAdapter(std::__h::basic_string<char, std::__h::char_traits<char>, std::__h::allocator<char>> const&)";
        "OHOS::AccountSA::FinishTraceAdapter()";
        "OHOS::AccountSA::UpdateTraceLabelAdapter()";
        "OHOS::AccountSA::CountTraceAdapter(std::__h::basic_string<char, std::__h::char_traits<char>, std::__h::allocator<char>> const&, long long)";
        "OHOS::AccountSA::AccountDumpHelper::AccountDumpHelper(OHOS::AccountSA::OsAccountManagerService*)";
        "OHOS::AccountSA::AccountDumpHelper::Dump(std::__h::vector<std::__h::basic_string<char, std::__h::char_traits<char>, std::__h::allocator<char>>, std::__h::allocator<std::__h::basic_string<char, std::__h::char_traits<char>, std::__h::allocator<char>>>> const&, std::__h::basic_string<char, std::__h::char_traits<char>, std::__h::allocator<char>>&) const";
        "OHOS::AccountSA::DomainAccountPluginProxy::DomainAccountPluginProxy(OHOS::sptr<OHOS::IRemoteObject> const&)";
        "OHOS::AccountSA::AccountDataStorage::~AccountDataStorage()";
        "OHOS::AccountSA::AbilityManagerAdapter::GetInstance()";
        "OHOS::AccountSA::AbilityManagerAdapter::ConnectAbility(OHOS::AAFwk::Want const&, OHOS::sptr<OHOS::AAFwk::IAbilityConnection> const&, OHOS::sptr<OHOS::IRemoteObject> const&, int)";
        "OHOS::AccountSA::AbilityManagerAdapter::DisconnectAbility(OHOS::sptr<OHOS::AAFwk::IAbilityConnection> const&)";
        "OHOS::AccountSA::AppAccountControlManager::GetInstance()";
        "OHOS::AccountSA::AppAccountControlManager::AddAccount(std::__h::basic_string<char, std::__h::char_traits<char>, std::__h::allocator<char>> const&, std::__h::basic_string<char, std::__h::char_traits<char>, std::__h::allocator<char>> const&, unsigned int const&, std::__h::basic_string<char, std::__h::char_traits<char>, std::__h::allocator<char>> const&, OHOS::AccountSA::AppAccountInfo&)";
        "OHOS::AccountSA::AccountDataStorage::AccountDataStorage(std::__h::basic_string<char, std::__h::char_traits<char>, std::__h::allocator<char>> const&, std::__h::basic_string<char, std::__h::char_traits<char>, std::__h::allocator<char>> const&, OHOS::AccountSA::AccountDataStorageOptions const&)";
        "OHOS::AccountSA::AccountDataStorage::GetValueFromKvStore(std::__h::basic_string<char, std::__h::char_traits<char>, std::__h::allocator<char>> const&, std::__h::basic_string<char, std::__h::char_traits<char>, std::__h::allocator<char>>&)";
        "OHOS::AccountSA::AccountDataStorage::GetAccountInfoById(std::__h::basic_string<char, std::__h::char_traits<char>, std::__h::allocator<char>>, OHOS::AccountSA::IAccountInfo&)";
        "OHOS::AccountSA::AccountDataStorage::AddAccountInfo(OHOS::AccountSA::IAccountInfo const&)";
        "OHOS::AccountSA::AccountDataStorage::SaveAccountInfo(OHOS::AccountSA::IAccountInfo const&)";
        "OHOS::AccountSA::AccountDataStorage::RemoveValueFromKvStore(std::__h::basic_string<char, std::__h::char_traits<char>, std::__h::allocator<char>> const&)";
        "OHOS::AccountSA::AppAccountControlManager::GetDataStorage(unsigned int const&, bool const&, OHOS::DistributedKv::SecurityLevel)";
        "OHOS::AccountSA::AppAccountManagerService::AppAccountManagerService()";
        "OHOS::AccountSA::AccountDataStorage::IsKeyExists(std::__h::basic_string<char, std::__h::char_traits<char>, std::__h::allocator<char>>)";
        "OHOS::AccountSA::AccountDataStorage::PutValueToKvStore(std::__h::basic_string<char, std::__h::char_traits<char>, std::__h::allocator<char>> const&, std::__h::basic_string<char, std::__h::char_traits<char>, std::__h::allocator<char>> const&)";
        "OHOS::AccountSA::AccountDataStorage::LoadAllData(std::__h::map<std::__h::basic_string<char, std::__h::char_traits<char>, std::__h::allocator<char>>, std::__h::shared_ptr<OHOS::AccountSA::IAccountInfo>, std::__h::less<std::__h::basic_string<char, std::__h::char_traits<char>, std::__h::allocator<char>>>, std::__h::allocator<std::__h::pair<std::__h::basic_string<char, std::__h::char_traits<char>, std::__h::allocator<char>> const, std::__h::shared_ptr<OHOS::AccountSA::IAccountInfo>>>>&)";
        "OHOS::AccountSA::AccountFileWatcherMgr::GetInstance()";
        "OHOS::AccountSA::AccountFileWatcherMgr::GetAccountInfoDigestFromFile(std::__h::basic_string<char, std::__h::char_traits<char>, std::__h::allocator<char>> const&, unsigned char*, unsigned int)";
        "OHOS::AccountSA::GenerateAccountInfoDigest(std::__h::basic_string<char, std::__h::char_traits<char>, std::__h::allocator<char>> const&, unsigned char*, unsigned int)";
        "OHOS::AccountSA::AccountFileWatcherMgr::AddFileWatcher(int, std::__h::function<bool (std::__h::basic_string<char, std::__h::char_traits<char>, std::__h::allocator<char>> const&, int, unsigned int)>, std::__h::basic_string<char, std::__h::char_traits<char>, std::__h::allocator<char>>)";
        "OHOS::AccountSA::AccountFileWatcherMgr::AddAccountInfoDigest(std::__h::basic_string<char, std::__h::char_traits<char>, std::__h::allocator<char>>, std::__h::basic_string<char, std::__h::char_traits<char>, std::__h::allocator<char>> const&)";
        "OHOS::AccountSA::OhosAccountManager::SubscribeDistributedAccountEvent(OHOS::AccountSA::DISTRIBUTED_ACCOUNT_SUBSCRIBE_TYPE, OHOS::sptr<OHOS::IRemoteObject> const&)";
        "OHOS::AccountSA::OhosAccountManager::UnsubscribeDistributedAccountEvent(OHOS::AccountSA::DISTRIBUTED_ACCOUNT_SUBSCRIBE_TYPE, OHOS::sptr<OHOS::IRemoteObject> const&)";
    };
  local:
    *;
};